Component: ARM Compiler 5.06 update 5 (build 528) Tool: armlink [4d35e2]

==============================================================================

Section Cross References

    main.o(i.Capture_Config) refers to stm32f10x_rcc.o(i.RCC_APB2PeriphClockCmd) for RCC_APB2PeriphClockCmd
    main.o(i.Capture_Config) refers to stm32f10x_gpio.o(i.GPIO_Init) for GPIO_Init
    main.o(i.Capture_Config) refers to stm32f10x_tim.o(i.TIM_DeInit) for TIM_DeInit
    main.o(i.Capture_Config) refers to stm32f10x_tim.o(i.TIM_TimeBaseStructInit) for TIM_TimeBaseStructInit
    main.o(i.Capture_Config) refers to stm32f10x_tim.o(i.TIM_TimeBaseInit) for TIM_TimeBaseInit
    main.o(i.Capture_Config) refers to stm32f10x_tim.o(i.TIM_ICInit) for TIM_ICInit
    main.o(i.Capture_Config) refers to stm32f10x_tim.o(i.TIM_Cmd) for TIM_Cmd
    main.o(i.Capture_Config) refers to stm32f10x_tim.o(i.TIM_ITConfig) for TIM_ITConfig
    main.o(i.Capture_Config) refers to stm32f10x_tim.o(i.TIM_ClearFlag) for TIM_ClearFlag
    main.o(i.Capture_Config) refers to misc.o(i.NVIC_Init) for NVIC_Init
    main.o(i.EXTILine_Config) refers to stm32f10x_rcc.o(i.RCC_APB2PeriphClockCmd) for RCC_APB2PeriphClockCmd
    main.o(i.EXTILine_Config) refers to stm32f10x_gpio.o(i.GPIO_EXTILineConfig) for GPIO_EXTILineConfig
    main.o(i.EXTILine_Config) refers to stm32f10x_exti.o(i.EXTI_StructInit) for EXTI_StructInit
    main.o(i.EXTILine_Config) refers to stm32f10x_exti.o(i.EXTI_Init) for EXTI_Init
    main.o(i.EXTILine_Config) refers to main.o(.data) for EXTI_InitStructure
    main.o(i.GPIO_Configuration) refers to stm32f10x_rcc.o(i.RCC_APB2PeriphClockCmd) for RCC_APB2PeriphClockCmd
    main.o(i.GPIO_Configuration) refers to stm32f10x_gpio.o(i.GPIO_PinRemapConfig) for GPIO_PinRemapConfig
    main.o(i.GPIO_Configuration) refers to stm32f10x_gpio.o(i.GPIO_Init) for GPIO_Init
    main.o(i.IniSysParameter) refers to modbus.o(i.ClearBuf) for ClearBuf
    main.o(i.NVIC_Configuration) refers to misc.o(i.NVIC_PriorityGroupConfig) for NVIC_PriorityGroupConfig
    main.o(i.NVIC_Configuration) refers to misc.o(i.NVIC_Init) for NVIC_Init
    main.o(i.RCC_Configuration) refers to stm32f10x_rcc.o(i.RCC_DeInit) for RCC_DeInit
    main.o(i.RCC_Configuration) refers to stm32f10x_rcc.o(i.RCC_HSEConfig) for RCC_HSEConfig
    main.o(i.RCC_Configuration) refers to stm32f10x_rcc.o(i.RCC_WaitForHSEStartUp) for RCC_WaitForHSEStartUp
    main.o(i.RCC_Configuration) refers to stm32f10x_rcc.o(i.RCC_HCLKConfig) for RCC_HCLKConfig
    main.o(i.RCC_Configuration) refers to stm32f10x_rcc.o(i.RCC_PCLK2Config) for RCC_PCLK2Config
    main.o(i.RCC_Configuration) refers to stm32f10x_rcc.o(i.RCC_PCLK1Config) for RCC_PCLK1Config
    main.o(i.RCC_Configuration) refers to stm32f10x_flash.o(i.FLASH_SetLatency) for FLASH_SetLatency
    main.o(i.RCC_Configuration) refers to stm32f10x_flash.o(i.FLASH_PrefetchBufferCmd) for FLASH_PrefetchBufferCmd
    main.o(i.RCC_Configuration) refers to stm32f10x_rcc.o(i.RCC_PLLConfig) for RCC_PLLConfig
    main.o(i.RCC_Configuration) refers to stm32f10x_rcc.o(i.RCC_PLLCmd) for RCC_PLLCmd
    main.o(i.RCC_Configuration) refers to stm32f10x_rcc.o(i.RCC_GetFlagStatus) for RCC_GetFlagStatus
    main.o(i.RCC_Configuration) refers to stm32f10x_rcc.o(i.RCC_SYSCLKConfig) for RCC_SYSCLKConfig
    main.o(i.RCC_Configuration) refers to stm32f10x_rcc.o(i.RCC_GetSYSCLKSource) for RCC_GetSYSCLKSource
    main.o(i.RCC_Configuration) refers to stm32f10x_rcc.o(i.RCC_APB2PeriphClockCmd) for RCC_APB2PeriphClockCmd
    main.o(i.RCC_Configuration) refers to main.o(.data) for HSEStartUpStatus
    main.o(i.SetEXTI_Trigger_Falling) refers to stm32f10x_exti.o(i.EXTI_Init) for EXTI_Init
    main.o(i.SetEXTI_Trigger_Falling) refers to main.o(.data) for EXTI_InitStructure
    main.o(i.SetEXTI_Trigger_Rising) refers to stm32f10x_exti.o(i.EXTI_Init) for EXTI_Init
    main.o(i.SetEXTI_Trigger_Rising) refers to main.o(.data) for EXTI_InitStructure
    main.o(i.TIM1_CC_IRQHandler) refers to stm32f10x_tim.o(i.TIM_GetITStatus) for TIM_GetITStatus
    main.o(i.TIM1_CC_IRQHandler) refers to stm32f10x_tim.o(i.TIM_ClearITPendingBit) for TIM_ClearITPendingBit
    main.o(i.TIM1_CC_IRQHandler) refers to stm32f10x_tim.o(i.TIM_GetCapture1) for TIM_GetCapture1
    main.o(i.TIM1_CC_IRQHandler) refers to main.o(.data) for IR_ThisPulse
    main.o(i.TIM1_CC_IRQHandler) refers to motor.o(.data) for LowSpeedMeasCnt
    main.o(i.TIM1_CC_IRQHandler) refers to usart1.o(.data) for MonitorDat2
    main.o(i.TIM1_CC_IRQHandler) refers to motor.o(.bss) for TimeCntBuf
    main.o(i.TIM1_CC_IRQHandler) refers to key.o(.data) for Flag_Clear_Req
    main.o(i.TIM1_UP_IRQHandler) refers to stm32f10x_tim.o(i.TIM_GetITStatus) for TIM_GetITStatus
    main.o(i.TIM1_UP_IRQHandler) refers to stm32f10x_tim.o(i.TIM_ClearITPendingBit) for TIM_ClearITPendingBit
    main.o(i.TIM1_UP_IRQHandler) refers to motor.o(.data) for LowSpeedMeasCnt
    main.o(i.TIM2_IRQHandler) refers to stm32f10x_tim.o(i.TIM_GetITStatus) for TIM_GetITStatus
[...]
    i.k_key6                                 0x08003fb4   Section        0  key.o(i.k_key6)
    i.k_key7                                 0x08003fc0   Section        0  key.o(i.k_key7)
    i.k_key8                                 0x08003fcc   Section        0  key.o(i.k_key8)
    i.k_key9                                 0x08003fd8   Section        0  key.o(i.k_key9)
    i.key_scan                               0x08003fe4   Section        0  key.o(i.key_scan)
    i.main                                   0x0800403c   Section        0  main.o(i.main)
    i.prveMBError2Exception                  0x080041d8   Section        0  modbus.o(i.prveMBError2Exception)
    i.time2_init                             0x080041fa   Section        0  main.o(i.time2_init)
    i.usMBCRC16                              0x0800423c   Section        0  modbus.o(i.usMBCRC16)
    i.vMBPortSerialEnable                    0x08004274   Section        0  modbus.o(i.vMBPortSerialEnable)
    i.vMBPortSerialEnable_UART1              0x080042c0   Section        0  usart1.o(i.vMBPortSerialEnable_UART1)
    i.vMBPortSerialEnable_UART3              0x08004318   Section        0  usart3.o(i.vMBPortSerialEnable_UART3)
    i.vMBPortSerialEnable_UART4              0x08004370   Section        0  usart4.o(i.vMBPortSerialEnable_UART4)
    i.vMBPortTimersDisable                   0x080043c8   Section        0  modbus.o(i.vMBPortTimersDisable)
    i.vMBPortTimersEnable                    0x080043d4   Section        0  modbus.o(i.vMBPortTimersEnable)
    i.xMBPortEventGet                        0x080043ec   Section        0  modbus.o(i.xMBPortEventGet)
    i.xMBPortEventPost                       0x08004410   Section        0  modbus.o(i.xMBPortEventPost)
    i.xMBPortSerialPutByte                   0x08004428   Section        0  usart2.o(i.xMBPortSerialPutByte)
    i.xMBPortSerialPutByte_UART1             0x0800443c   Section        0  usart1.o(i.xMBPortSerialPutByte_UART1)
    i.xMBPortSerialPutByte_UART3             0x08004450   Section        0  usart3.o(i.xMBPortSerialPutByte_UART3)
    i.xMBPortSerialPutByte_UART4             0x08004464   Section        0  usart4.o(i.xMBPortSerialPutByte_UART4)
    i.xMBRTUReceiveFSM                       0x08004478   Section        0  modbus.o(i.xMBRTUReceiveFSM)
    i.xMBRTUTimerT35Expired                  0x080044f4   Section        0  modbus.o(i.xMBRTUTimerT35Expired)
    i.xMBRTUTransmitFSM                      0x08004534   Section        0  modbus.o(i.xMBRTUTransmitFSM)
    i.xMBRTUTransmitFSM_UART1                0x080045a0   Section        0  usart1.o(i.xMBRTUTransmitFSM_UART1)
    i.xMBRTUTransmitFSM_UART3                0x08004618   Section        0  usart3.o(i.xMBRTUTransmitFSM_UART3)
    i.xMBRTUTransmitFSM_UART4                0x08004690   Section        0  usart4.o(i.xMBRTUTransmitFSM_UART4)
    .constdata                               0x08004708   Section      512  modbus.o(.constdata)
    aucCRCHi                                 0x08004708   Data         256  modbus.o(.constdata)
    aucCRCLo                                 0x08004808   Data         256  modbus.o(.constdata)
    .data                                    0x20000000   Section       36  main.o(.data)
    eMBState                                 0x20000000   Data           1  main.o(.data)
    .data                                    0x20000024   Section       22  hmi_lcd.o(.data)
    cnt                                      0x20000034   Data           4  hmi_lcd.o(.data)
    alarm_step                               0x20000038   Data           1  hmi_lcd.o(.data)
    alarm_times                              0x20000039   Data           1  hmi_lcd.o(.data)
    .data                                    0x2000003c   Section      140  param.o(.data)
    count_ms                                 0x200000c4   Data           4  param.o(.data)
    .data                                    0x200000c8   Section       64  key.o(.data)
    .data                                    0x20000108   Section      720  modbus.o(.data)
    eMBState                                 0x20000108   Data           1  modbus.o(.data)
    eQueuedEvent                             0x2000031c   Data           1  modbus.o(.data)
    xEventInQueue                            0x2000031d   Data           1  modbus.o(.data)
    xFuncHandlers                            0x2000032c   Data         128  modbus.o(.data)
    ucMBFrame                                0x200003c4   Data           4  modbus.o(.data)
    ucRcvAddress                             0x200003c8   Data           1  modbus.o(.data)
    ucFunctionCode                           0x200003c9   Data           1  modbus.o(.data)
    usLength                                 0x200003ca   Data           2  modbus.o(.data)
    eException                               0x200003cc   Data           1  modbus.o(.data)
    dly                                      0x200003d0   Data           4  modbus.o(.data)
    i                                        0x200003d4   Data           1  modbus.o(.data)
    j                                        0x200003d5   Data           1  modbus.o(.data)
    ch                                       0x200003d6   Data           1  modbus.o(.data)
    dly                                      0x200003d7   Data           1  modbus.o(.data)
    .data                                    0x200003d8   Section       81  motor.o(.data)
    dlycnt                                   0x20000428   Data           1  motor.o(.data)
    .data                                    0x2000042c   Section       11  eeprom.o(.data)
    eMBState                                 0x2000042c   Data           1  eeprom.o(.data)
    .data                                    0x20000438   Section       99  usart1.o(.data)
    eMBState                                 0x20000438   Data           1  usart1.o(.data)
    ComDly                                   0x2000049a   Data           1  usart1.o(.data)
    .data                                    0x2000049c   Section       37  usart2.o(.data)
    eMBState                                 0x2000049c   Data           1  usart2.o(.data)
    ComDly                                   0x200004bc   Data           4  usart2.o(.data)
    state                                    0x200004c0   Data           1  usart2.o(.data)
    .data                                    0x200004c4   Section       36  usart3.o(.data)
    eMBState                                 0x200004c4   Data           1  usart3.o(.data)
    ComDly                                   0x200004e4   Data           4  usart3.o(.data)
    .data                                    0x200004e8   Section       46  usart4.o(.data)
    eMBState                                 0x200004e8   Data           1  usart4.o(.data)
    ComDly                                   0x20000510   Data           4  usart4.o(.data)
    frame_gap_dly                            0x20000514   Data           1  usart4.o(.data)
    state                                    0x20000515   Data           1  usart4.o(.data)
    .data                                    0x20000516   Section       20  stm32f10x_rcc.o(.data)
    APBAHBPrescTable                         0x20000516   Data          16  stm32f10x_rcc.o(.data)
    ADCPrescTable                            0x20000526   Data           4  stm32f10x_rcc.o(.data)
    .bss                                     0x2000052c   Section      256  modbus.o(.bss)
    .bss                                     0x2000062c   Section       48  motor.o(.bss)
    .bss                                     0x2000065c   Section       80  usart1.o(.bss)
    .bss                                     0x200006ac   Section       96  usart2.o(.bss)
    .bss                                     0x2000070c   Section       96  usart3.o(.bss)
    .bss                                     0x2000076c   Section       96  usart4.o(.bss)
    STACK                                    0x200007d0   Section     1024  startup_stm32f10x_hd.o(STACK)

    Global Symbols

    Symbol Name                              Value     Ov Type        Size  Object(Section)

    BuildAttributes$$THM_ISAv4$P$D$K$B$S$PE$A:L22UL41UL21$X:L11$S22US41US21$IEEE1$IW$USESV6$~STKCKD$USESV7$~SHL$OTIME$ROPI$EBA8$MICROLIB$REQ8$PRES8$EABIv2 0x00000000   Number         0  anon$$obj.o ABSOLUTE
    __ARM_use_no_argv                        0x00000000   Number         0  main.o ABSOLUTE
    __cpp_initialize__aeabi_                  - Undefined Weak Reference
    __cxa_finalize                            - Undefined Weak Reference
    _clock_init                               - Undefined Weak Reference
    _microlib_exit                            - Undefined Weak Reference
    __Vectors_Size                           0x00000130   Number         0  startup_stm32f10x_hd.o ABSOLUTE
    __Vectors                                0x08000000   Data           4  startup_stm32f10x_hd.o(RESET)
    __Vectors_End                            0x08000130   Data           0  startup_stm32f10x_hd.o(RESET)
    __main                                   0x08000131   Thumb Code     0  entry.o(.ARM.Collect$$$$00000000)
    _main_stk                                0x08000131   Thumb Code     0  entry2.o(.ARM.Collect$$$$00000001)
    _main_scatterload                        0x08000135   Thumb Code     0  entry5.o(.ARM.Collect$$$$00000004)
    __main_after_scatterload                 0x08000139   Thumb Code     0  entry5.o(.ARM.Collect$$$$00000004)
    _main_clock                              0x08000139   Thumb Code     0  entry7b.o(.ARM.Collect$$$$00000008)
    _main_cpp_init                           0x08000139   Thumb Code     0  entry8b.o(.ARM.Collect$$$$0000000A)
    _main_init                               0x08000139   Thumb Code     0  entry9a.o(.ARM.Collect$$$$0000000B)
    __rt_final_cpp                           0x08000141   Thumb Code     0  entry10a.o(.ARM.Collect$$$$0000000D)
    __rt_final_exit                          0x08000141   Thumb Code     0  entry11a.o(.ARM.Collect$$$$0000000F)
    Reset_Handler                            0x08000145   Thumb Code     8  startup_stm32f10x_hd.o(.text)
    ADC1_2_IRQHandler                        0x0800015f   Thumb Code     0  startup_stm32f10x_hd.o(.text)
    ADC3_IRQHandler                          0x0800015f   Thumb Code     0  startup_stm32f10x_hd.o(.text)
    CAN1_RX1_IRQHandler                      0x0800015f   Thumb Code     0  startup_stm32f10x_hd.o(.text)
    CAN1_SCE_IRQHandler                      0x0800015f   Thumb Code     0  startup_stm32f10x_hd.o(.text)
    DMA1_Channel1_IRQHandler                 0x0800015f   Thumb Code     0  startup_stm32f10x_hd.o(.text)
    DMA1_Channel2_IRQHandler                 0x0800015f   Thumb Code     0  startup_stm32f10x_hd.o(.text)
    DMA1_Channel3_IRQHandler                 0x0800015f   Thumb Code     0  startup_stm32f10x_hd.o(.text)
    DMA1_Channel4_IRQHandler                 0x0800015f   Thumb Code     0  startup_stm32f10x_hd.o(.text)
    DMA1_Channel5_IRQHandler                 0x0800015f   Thumb Code     0  startup_stm32f10x_hd.o(.text)
    DMA1_Channel6_IRQHandler                 0x0800015f   Thumb Code     0  startup_stm32f10x_hd.o(.text)
    DMA1_Channel7_IRQHandler                 0x0800015f   Thumb Code     0  startup_stm32f10x_hd.o(.text)
    DMA2_Channel1_IRQHandler                 0x0800015f   Thumb Code     0  startup_stm32f10x_hd.o(.text)
    DMA2_Channel2_IRQHandler                 0x0800015f   Thumb Code     0  startup_stm32f10x_hd.o(.text)
    DMA2_Channel3_IRQHandler                 0x0800015f   Thumb Code     0  startup_stm32f10x_hd.o(.text)
    DMA2_Channel4_5_IRQHandler               0x0800015f   Thumb Code     0  startup_stm32f10x_hd.o(.text)
    EXTI2_IRQHandler                         0x0800015f   Thumb Code     0  startup_stm32f10x_hd.o(.text)
    EXTI3_IRQHandler                         0x0800015f   Thumb Code     0  startup_stm32f10x_hd.o(.text)
    EXTI4_IRQHandler                         0x0800015f   Thumb Code     0  startup_stm32f10x_hd.o(.text)
    FLASH_IRQHandler                         0x0800015f   Thumb Code     0  startup_stm32f10x_hd.o(.text)
    FSMC_IRQHandler                          0x0800015f   Thumb Code     0  startup_stm32f10x_hd.o(.text)
    I2C1_ER_IRQHandler                       0x0800015f   Thumb Code     0  startup_stm32f10x_hd.o(.text)
    I2C1_EV_IRQHandler                       0x0800015f   Thumb Code     0  startup_stm32f10x_hd.o(.text)
    I2C2_ER_IRQHandler                       0x0800015f   Thumb Code     0  startup_stm32f10x_hd.o(.text)
    I2C2_EV_IRQHandler                       0x0800015f   Thumb Code     0  startup_stm32f10x_hd.o(.text)
    PVD_IRQHandler                           0x0800015f   Thumb Code     0  startup_stm32f10x_hd.o(.text)
    RCC_IRQHandler                           0x0800015f   Thumb Code     0  startup_stm32f10x_hd.o(.text)
    RTCAlarm_IRQHandler                      0x0800015f   Thumb Code     0  startup_stm32f10x_hd.o(.text)
    RTC_IRQHandler                           0x0800015f   Thumb Code     0  startup_stm32f10x_hd.o(.text)
    SDIO_IRQHandler                          0x0800015f   Thumb Code     0  startup_stm32f10x_hd.o(.text)
    SPI1_IRQHandler                          0x0800015f   Thumb Code     0  startup_stm32f10x_hd.o(.text)
    SPI2_IRQHandler                          0x0800015f   Thumb Code     0  startup_stm32f10x_hd.o(.text)
    SPI3_IRQHandler                          0x0800015f   Thumb Code     0  startup_stm32f10x_hd.o(.text)
    TAMPER_IRQHandler                        0x0800015f   Thumb Code     0  startup_stm32f10x_hd.o(.text)
    TIM1_BRK_IRQHandler                      0x0800015f   Thumb Code     0  startup_stm32f10x_hd.o(.text)
    TIM1_TRG_COM_IRQHandler                  0x0800015f   Thumb Code     0  startup_stm32f10x_hd.o(.text)
    TIM5_IRQHandler                          0x0800015f   Thumb Code     0  startup_stm32f10x_hd.o(.text)
    TIM6_IRQHandler                          0x0800015f   Thumb Code     0  startup_stm32f10x_hd.o(.text)
    TIM7_IRQHandler                          0x0800015f   Thumb Code     0  startup_stm32f10x_hd.o(.text)
    TIM8_BRK_IRQHandler                      0x0800015f   Thumb Code     0  startup_stm32f10x_hd.o(.text)
    TIM8_CC_IRQHandler                       0x0800015f   Thumb Code     0  startup_stm32f10x_hd.o(.text)
    TIM8_TRG_COM_IRQHandler                  0x0800015f   Thumb Code     0  startup_stm32f10x_hd.o(.text)
    TIM8_UP_IRQHandler                       0x0800015f   Thumb Code     0  startup_stm32f10x_hd.o(.text)
    UART5_IRQHandler                         0x0800015f   Thumb Code     0  startup_stm32f10x_hd.o(.text)
    USBWakeUp_IRQHandler                     0x0800015f   Thumb Code     0  startup_stm32f10x_hd.o(.text)
    USB_HP_CAN1_TX_IRQHandler                0x0800015f   Thumb Code     0  startup_stm32f10x_hd.o(.text)
    USB_LP_CAN1_RX0_IRQHandler               0x0800015f   Thumb Code     0  startup_stm32f10x_hd.o(.text)
    WWDG_IRQHandler                          0x0800015f   Thumb Code     0  startup_stm32f10x_hd.o(.text)
    __aeabi_fmul                             0x08000169   Thumb Code   100  fmul.o(.text)
    __aeabi_fdiv                             0x080001cd   Thumb Code   124  fdiv.o(.text)
    __aeabi_ui2f                             0x08000249   Thumb Code    10  ffltui.o(.text)
    __aeabi_f2uiz                            0x08000253   Thumb Code    40  ffixui.o(.text)
    __I$use$fp                               0x0800027b   Thumb Code     0  iusefp.o(.text)
    _float_round                             0x0800027b   Thumb Code    18  fepilogue.o(.text)
    _float_epilogue                          0x0800028d   Thumb Code    92  fepilogue.o(.text)
    __scatterload                            0x080002e9   Thumb Code    28  init.o(.text)
    __scatterload_rt2                        0x080002e9   Thumb Code     0  init.o(.text)
    __decompress                             0x0800030d   Thumb Code     0  __dczerorl2.o(.text)
    __decompress1                            0x0800030d   Thumb Code    86  __dczerorl2.o(.text)
    Alarm_Manage                             0x08000365   Thumb Code   186  hmi_lcd.o(i.Alarm_Manage)
    BeepDriver                               0x0800043d   Thumb Code    64  key.o(i.BeepDriver)
    BusFault_Handler                         0x0800048d   Thumb Code     4  stm32f10x_it.o(i.BusFault_Handler)
    CalcuSpeed                               0x08000491   Thumb Code   220  motor.o(i.CalcuSpeed)
    Capture_Config                           0x08000591   Thumb Code   214  main.o(i.Capture_Config)
    ClearBuf                                 0x08000671   Thumb Code    28  modbus.o(i.ClearBuf)
    DebugMon_Handler                         0x08000695   Thumb Code     2  stm32f10x_it.o(i.DebugMon_Handler)
    Delay                                    0x08000697   Thumb Code    10  main.o(i.Delay)
    DelayMS                                  0x080006a1   Thumb Code    24  param.o(i.DelayMS)
    Display                                  0x080006b9   Thumb Code   106  hmi_lcd.o(i.Display)
    EEprom_Manage                            0x08000745   Thumb Code     2  eeprom.o(i.EEprom_Manage)
    EXTI0_IRQHandler                         0x08000749   Thumb Code    52  motor.o(i.EXTI0_IRQHandler)
    EXTI15_10_IRQHandler                     0x0800078d   Thumb Code   124  motor.o(i.EXTI15_10_IRQHandler)
    EXTI1_IRQHandler                         0x0800082d   Thumb Code    52  motor.o(i.EXTI1_IRQHandler)
    EXTI9_5_IRQHandler                       0x08000871   Thumb Code    22  motor.o(i.EXTI9_5_IRQHandler)
    EXTILine_Config                          0x08000889   Thumb Code   246  main.o(i.EXTILine_Config)
    EXTI_ClearITPendingBit                   0x08000989   Thumb Code     6  stm32f10x_exti.o(i.EXTI_ClearITPendingBit)
    EXTI_GetITStatus                         0x08000995   Thumb Code    34  stm32f10x_exti.o(i.EXTI_GetITStatus)
    EXTI_Init                                0x080009bd   Thumb Code   142  stm32f10x_exti.o(i.EXTI_Init)
    EXTI_StructInit                          0x08000a51   Thumb Code    16  stm32f10x_exti.o(i.EXTI_StructInit)
    Ele_load_Process                         0x08000a61   Thumb Code    14  hmi_lcd.o(i.Ele_load_Process)
    EnterCriticalSection                     0x08000a79   Thumb Code     4  modbus.o(i.EnterCriticalSection)
    ExitCriticalSection                      0x08000a7d   Thumb Code     4  modbus.o(i.ExitCriticalSection)
    FLASH_PrefetchBufferCmd                  0x08000a81   Thumb Code    22  stm32f10x_flash.o(i.FLASH_PrefetchBufferCmd)
    FLASH_SetLatency                         0x08000a9d   Thumb Code    18  stm32f10x_flash.o(i.FLASH_SetLatency)
    FreeRun                                  0x08000ab5   Thumb Code   164  motor.o(i.FreeRun)
    GPIO_Configuration                       0x08000b75   Thumb Code   278  main.o(i.GPIO_Configuration)
    GPIO_EXTILineConfig                      0x08000cb1   Thumb Code    60  stm32f10x_gpio.o(i.GPIO_EXTILineConfig)
    GPIO_Init                                0x08000cf1   Thumb Code   278  stm32f10x_gpio.o(i.GPIO_Init)
    GPIO_PinRemapConfig                      0x08000e09   Thumb Code   138  stm32f10x_gpio.o(i.GPIO_PinRemapConfig)
    GPIO_ReadInputDataBit                    0x08000e99   Thumb Code    18  stm32f10x_gpio.o(i.GPIO_ReadInputDataBit)
    GPIO_WriteBit                            0x08000eab   Thumb Code    10  stm32f10x_gpio.o(i.GPIO_WriteBit)
    GetData                                  0x08000eb5   Thumb Code    84  usart1.o(i.GetData)
    GetDataUart3                             0x08000f11   Thumb Code    52  usart3.o(i.GetDataUart3)
    GetTx3buffer                             0x08000f49   Thumb Code   182  usart3.o(i.GetTx3buffer)
    GetTxbuffer                              0x08001021   Thumb Code   654  usart1.o(i.GetTxbuffer)
    HardFault_Handler                        0x080012e1   Thumb Code     4  stm32f10x_it.o(i.HardFault_Handler)
    IIC_ClrSclPin                            0x080012e5   Thumb Code    14  iic_smec98sp.o(i.IIC_ClrSclPin)
    IIC_ClrSdaPin                            0x080012f9   Thumb Code    14  iic_smec98sp.o(i.IIC_ClrSdaPin)
    IIC_Delay                                0x0800130d   Thumb Code    22  iic_smec98sp.o(i.IIC_Delay)
    IIC_GetSdaStus                           0x08001325   Thumb Code    12  iic_smec98sp.o(i.IIC_GetSdaStus)
    IIC_Read                                 0x08001335   Thumb Code   140  iic_smec98sp.o(i.IIC_Read)
    IIC_Send                                 0x080013c1   Thumb Code   154  iic_smec98sp.o(i.IIC_Send)
    IIC_SetScl                               0x0800145b   Thumb Code    18  iic_smec98sp.o(i.IIC_SetScl)
    IIC_SetSclPin                            0x0800146d   Thumb Code    14  iic_smec98sp.o(i.IIC_SetSclPin)
    IIC_SetSda                               0x08001481   Thumb Code    18  iic_smec98sp.o(i.IIC_SetSda)
    IIC_SetSdaPin                            0x08001495   Thumb Code    14  iic_smec98sp.o(i.IIC_SetSdaPin)
    IIC_Start                                0x080014a9   Thumb Code    44  iic_smec98sp.o(i.IIC_Start)
    IIC_Stop                                 0x080014d5   Thumb Code    38  iic_smec98sp.o(i.IIC_Stop)
    Idle1                                    0x080014fb   Thumb Code     2  motor.o(i.Idle1)
    IniEEprom                                0x080014fd   Thumb Code   332  eeprom.o(i.IniEEprom)
    IniSysParameter                          0x08001665   Thumb Code     8  main.o(i.IniSysParameter)
    KeyscanNormal                            0x0800166d   Thumb Code    88  key.o(i.KeyscanNormal)
    LossManage                               0x080016d5   Thumb Code    80  motor.o(i.LossManage)
    MemManage_Handler                        0x08001745   Thumb Code     4  stm32f10x_it.o(i.MemManage_Handler)
    ModbusTestcode                           0x08001749   Thumb Code   266  modbus.o(i.ModbusTestcode)
    MotorContor                              0x080018a5   Thumb Code    76  motor.o(i.MotorContor)
    MotorRunManage                           0x0800190d   Thumb Code    44  motor.o(i.MotorRunManage)
    NMI_Handler                              0x0800193d   Thumb Code     2  stm32f10x_it.o(i.NMI_Handler)
    NVIC_Configuration                       0x0800193f   Thumb Code   222  main.o(i.NVIC_Configuration)
    NVIC_Init                                0x08001a1d   Thumb Code   100  misc.o(i.NVIC_Init)
    NVIC_PriorityGroupConfig                 0x08001a8d   Thumb Code    10  misc.o(i.NVIC_PriorityGroupConfig)
    Pause                                    0x08001aa1   Thumb Code   116  motor.o(i.Pause)
    PendSV_Handler                           0x08001b31   Thumb Code     2  stm32f10x_it.o(i.PendSV_Handler)
    RCC_APB1PeriphClockCmd                   0x08001b35   Thumb Code    26  stm32f10x_rcc.o(i.RCC_APB1PeriphClockCmd)
    RCC_APB1PeriphResetCmd                   0x08001b55   Thumb Code    26  stm32f10x_rcc.o(i.RCC_APB1PeriphResetCmd)
    RCC_APB2PeriphClockCmd                   0x08001b75   Thumb Code    26  stm32f10x_rcc.o(i.RCC_APB2PeriphClockCmd)
    RCC_APB2PeriphResetCmd                   0x08001b95   Thumb Code    26  stm32f10x_rcc.o(i.RCC_APB2PeriphResetCmd)
    RCC_Configuration                        0x08001bb5   Thumb Code   118  main.o(i.RCC_Configuration)
    RCC_DeInit                               0x08001c31   Thumb Code    64  stm32f10x_rcc.o(i.RCC_DeInit)
    RCC_GetClocksFreq                        0x08001c7d   Thumb Code   192  stm32f10x_rcc.o(i.RCC_GetClocksFreq)
    RCC_GetFlagStatus                        0x08001d51   Thumb Code    56  stm32f10x_rcc.o(i.RCC_GetFlagStatus)
    RCC_GetSYSCLKSource                      0x08001d8d   Thumb Code    10  stm32f10x_rcc.o(i.RCC_GetSYSCLKSource)
    RCC_HCLKConfig                           0x08001d9d   Thumb Code    18  stm32f10x_rcc.o(i.RCC_HCLKConfig)
    RCC_HSEConfig                            0x08001db5   Thumb Code    70  stm32f10x_rcc.o(i.RCC_HSEConfig)
    RCC_PCLK1Config                          0x08001e01   Thumb Code    18  stm32f10x_rcc.o(i.RCC_PCLK1Config)
    RCC_PCLK2Config                          0x08001e19   Thumb Code    20  stm32f10x_rcc.o(i.RCC_PCLK2Config)
    RCC_PLLCmd                               0x08001e31   Thumb Code     6  stm32f10x_rcc.o(i.RCC_PLLCmd)
    RCC_PLLConfig                            0x08001e3d   Thumb Code    24  stm32f10x_rcc.o(i.RCC_PLLConfig)
    RCC_SYSCLKConfig                         0x08001e59   Thumb Code    18  stm32f10x_rcc.o(i.RCC_SYSCLKConfig)
    RCC_WaitForHSEStartUp                    0x08001e71   Thumb Code    58  stm32f10x_rcc.o(i.RCC_WaitForHSEStartUp)
    ReadKey                                  0x08001ead   Thumb Code   130  key.o(i.ReadKey)
    SMEC_I2cInit                             0x08001f49   Thumb Code    56  iic_smec98sp.o(i.SMEC_I2cInit)
    SVC_Handler                              0x08001f85   Thumb Code     2  stm32f10x_it.o(i.SVC_Handler)
    SaveEEprom                               0x08001f89   Thumb Code    94  eeprom.o(i.SaveEEprom)
    SdaInputMode                             0x08002001   Thumb Code    30  iic_smec98sp.o(i.SdaInputMode)
    SdaOutputMode                            0x08002025   Thumb Code    30  iic_smec98sp.o(i.SdaOutputMode)
    ShortKeyAction                           0x08002131   Thumb Code    86  key.o(i.ShortKeyAction)
    ShortKeyActionEX                         0x0800218d   Thumb Code    22  key.o(i.ShortKeyActionEX)
    SysTick_Handler                          0x080021a9   Thumb Code     2  stm32f10x_it.o(i.SysTick_Handler)
    SystemInit                               0x080021ad   Thumb Code    78  system_stm32f10x.o(i.SystemInit)
    TIM1_CC_IRQHandler                       0x0800244d   Thumb Code   282  main.o(i.TIM1_CC_IRQHandler)
    TIM1_UP_IRQHandler                       0x080025a9   Thumb Code    40  main.o(i.TIM1_UP_IRQHandler)
    TIM2_IRQHandler                          0x080025d9   Thumb Code    90  main.o(i.TIM2_IRQHandler)
    TIM3_IRQHandler                          0x08002655   Thumb Code    22  main.o(i.TIM3_IRQHandler)
    TIM4_IRQHandler                          0x08002671   Thumb Code    38  motor.o(i.TIM4_IRQHandler)
    TIM8_PWM_Init                            0x0800269d   Thumb Code   196  main.o(i.TIM8_PWM_Init)
    TIM_ARRPreloadConfig                     0x08002769   Thumb Code    24  stm32f10x_tim.o(i.TIM_ARRPreloadConfig)
    TIM_ClearFlag                            0x08002781   Thumb Code     6  stm32f10x_tim.o(i.TIM_ClearFlag)
    TIM_ClearITPendingBit                    0x08002787   Thumb Code     6  stm32f10x_tim.o(i.TIM_ClearITPendingBit)
    TIM_Cmd                                  0x0800278d   Thumb Code    24  stm32f10x_tim.o(i.TIM_Cmd)
    TIM_CtrlPWMOutputs                       0x080027a5   Thumb Code    30  stm32f10x_tim.o(i.TIM_CtrlPWMOutputs)
    TIM_DeInit                               0x080027c5   Thumb Code   424  stm32f10x_tim.o(i.TIM_DeInit)
    TIM_GetCapture1                          0x080029ad   Thumb Code     6  stm32f10x_tim.o(i.TIM_GetCapture1)
    TIM_GetITStatus                          0x080029b3   Thumb Code    34  stm32f10x_tim.o(i.TIM_GetITStatus)
    TIM_ICInit                               0x080029d5   Thumb Code   150  stm32f10x_tim.o(i.TIM_ICInit)
    TIM_ITConfig                             0x08002a81   Thumb Code    18  stm32f10x_tim.o(i.TIM_ITConfig)
    TIM_OC1Init                              0x08002a95   Thumb Code   132  stm32f10x_tim.o(i.TIM_OC1Init)
    TIM_OC1PreloadConfig                     0x08002b2d   Thumb Code    18  stm32f10x_tim.o(i.TIM_OC1PreloadConfig)
    TIM_OCStructInit                         0x08002b3f   Thumb Code    20  stm32f10x_tim.o(i.TIM_OCStructInit)
    TIM_SetAutoreload                        0x08002b53   Thumb Code     4  stm32f10x_tim.o(i.TIM_SetAutoreload)
    TIM_SetCompare1                          0x08002b57   Thumb Code     4  stm32f10x_tim.o(i.TIM_SetCompare1)
    TIM_SetIC1Prescaler                      0x08002b5b   Thumb Code    18  stm32f10x_tim.o(i.TIM_SetIC1Prescaler)
    TIM_SetIC2Prescaler                      0x08002b6d   Thumb Code    26  stm32f10x_tim.o(i.TIM_SetIC2Prescaler)
    TIM_SetIC3Prescaler                      0x08002b87   Thumb Code    18  stm32f10x_tim.o(i.TIM_SetIC3Prescaler)
    TIM_SetIC4Prescaler                      0x08002b99   Thumb Code    26  stm32f10x_tim.o(i.TIM_SetIC4Prescaler)
    TIM_TimeBaseInit                         0x08002bb5   Thumb Code   122  stm32f10x_tim.o(i.TIM_TimeBaseInit)
    TIM_TimeBaseStructInit                   0x08002c59   Thumb Code    18  stm32f10x_tim.o(i.TIM_TimeBaseStructInit)
    TX3send                                  0x08002c6d   Thumb Code    40  usart3.o(i.TX3send)
    TXsend                                   0x08002ca1   Thumb Code    40  usart1.o(i.TXsend)
    TaskSwitch                               0x08002cd5   Thumb Code    74  motor.o(i.TaskSwitch)
    Testcode                                 0x08002d31   Thumb Code    14  main.o(i.Testcode)
    TimeBase                                 0x08002d45   Thumb Code   130  param.o(i.TimeBase)
    UART4_IRQHandler                         0x08002de5   Thumb Code   110  usart4.o(i.UART4_IRQHandler)
    USART1_IRQHandler                        0x08002e65   Thumb Code   110  usart1.o(i.USART1_IRQHandler)
    USART2_IRQHandler                        0x08002ee5   Thumb Code    90  usart2.o(i.USART2_IRQHandler)
    USART3_IRQHandler                        0x08002f49   Thumb Code   110  usart3.o(i.USART3_IRQHandler)
    USART_ClearFlag                          0x08002fc9   Thumb Code    18  stm32f10x_usart.o(i.USART_ClearFlag)
    USART_Cmd                                0x08002fdb   Thumb Code    24  stm32f10x_usart.o(i.USART_Cmd)
    USART_GetFlagStatus                      0x08002ff3   Thumb Code    26  stm32f10x_usart.o(i.USART_GetFlagStatus)
    USART_GetITStatus                        0x0800300d   Thumb Code    84  stm32f10x_usart.o(i.USART_GetITStatus)
    USART_ITConfig                           0x08003061   Thumb Code    74  stm32f10x_usart.o(i.USART_ITConfig)
    USART_Init                               0x080030ad   Thumb Code   210  stm32f10x_usart.o(i.USART_Init)
    USART_ReceiveData                        0x08003185   Thumb Code    10  stm32f10x_usart.o(i.USART_ReceiveData)
    USART_SendData                           0x0800318f   Thumb Code     8  stm32f10x_usart.o(i.USART_SendData)
    Uart1_Manage                             0x08003197   Thumb Code    16  usart1.o(i.Uart1_Manage)
    Uart1_RS485                              0x080031a9   Thumb Code    40  usart1.o(i.Uart1_RS485)
    Uart1_Rx                                 0x080031d9   Thumb Code    54  usart1.o(i.Uart1_Rx)
    Uart1_Tx                                 0x08003219   Thumb Code    26  usart1.o(i.Uart1_Tx)
    Uart2_Manage                             0x08003241   Thumb Code    12  usart2.o(i.Uart2_Manage)
    Uart2_RS232                              0x0800324d   Thumb Code   104  usart2.o(i.Uart2_RS232)
    Uart2_Rx                                 0x080032d1   Thumb Code    54  usart2.o(i.Uart2_Rx)
    Uart3InputCmd                            0x08003315   Thumb Code    30  usart3.o(i.Uart3InputCmd)
    Uart3_Manage                             0x0800333d   Thumb Code    16  usart3.o(i.Uart3_Manage)
    Uart3_RS485                              0x0800334d   Thumb Code    94  usart3.o(i.Uart3_RS485)
    Uart3_Rx                                 0x080033c1   Thumb Code    54  usart3.o(i.Uart3_Rx)
    Uart3_Tx                                 0x08003401   Thumb Code    26  usart3.o(i.Uart3_Tx)
    UsageFault_Handler                       0x08003429   Thumb Code     4  stm32f10x_it.o(i.UsageFault_Handler)
    Usart1_Init                              0x0800342d   Thumb Code   160  usart1.o(i.Usart1_Init)
    Usart2_Init                              0x080034d5   Thumb Code   180  usart2.o(i.Usart2_Init)
    Usart3_Init                              0x08003591   Thumb Code   186  usart3.o(i.Usart3_Init)
    __scatterload_copy                       0x08003655   Thumb Code    14  handlers.o(i.__scatterload_copy)
    __scatterload_null                       0x08003663   Thumb Code     2  handlers.o(i.__scatterload_null)
    __scatterload_zeroinit                   0x08003665   Thumb Code    14  handlers.o(i.__scatterload_zeroinit)
    eMBFuncReadCoils                         0x08003673   Thumb Code   174  modbus.o(i.eMBFuncReadCoils)
    eMBFuncReadDiscreteInputs                0x08003721   Thumb Code   172  modbus.o(i.eMBFuncReadDiscreteInputs)
    eMBFuncReadHoldingRegister               0x080037cd   Thumb Code   140  modbus.o(i.eMBFuncReadHoldingRegister)
    eMBFuncReadInputRegister                 0x08003859   Thumb Code   140  modbus.o(i.eMBFuncReadInputRegister)
    eMBFuncReadWriteMultipleHoldingRegister  0x080038e5   Thumb Code   212  modbus.o(i.eMBFuncReadWriteMultipleHoldingRegister)
    eMBFuncReportSlaveID                     0x080039b9   Thumb Code     4  modbus.o(i.eMBFuncReportSlaveID)
    eMBFuncWriteCoil                         0x080039bd   Thumb Code   112  modbus.o(i.eMBFuncWriteCoil)
    eMBFuncWriteHoldingRegister              0x08003a2d   Thumb Code    66  modbus.o(i.eMBFuncWriteHoldingRegister)
    eMBFuncWriteMultipleCoils                0x08003a6f   Thumb Code   144  modbus.o(i.eMBFuncWriteMultipleCoils)
    eMBFuncWriteMultipleHoldingRegister      0x08003aff   Thumb Code   110  modbus.o(i.eMBFuncWriteMultipleHoldingRegister)
    eMBInit                                  0x08003b6d   Thumb Code    28  modbus.o(i.eMBInit)
    eMBPoll                                  0x08003b99   Thumb Code   258  modbus.o(i.eMBPoll)
    eMBRTUReceive                            0x08003cbd   Thumb Code    90  modbus.o(i.eMBRTUReceive)
    eMBRTUSend                               0x08003d21   Thumb Code   124  modbus.o(i.eMBRTUSend)
    eMBRTUStart                              0x08003db1   Thumb Code    30  modbus.o(i.eMBRTUStart)
    eMBRegCoilsCB                            0x08003dd5   Thumb Code     8  modbus.o(i.eMBRegCoilsCB)
    eMBRegDiscreteCB                         0x08003ddd   Thumb Code     6  modbus.o(i.eMBRegDiscreteCB)
    eMBRegHoldingCB                          0x08003de5   Thumb Code   116  modbus.o(i.eMBRegHoldingCB)
    eMBRegInputCB                            0x08003e61   Thumb Code    62  modbus.o(i.eMBRegInputCB)
    eeByteReadI2C                            0x08003ea9   Thumb Code    72  eeprom.o(i.eeByteReadI2C)
    eeByteWriteI2C                           0x08003ef1   Thumb Code    48  eeprom.o(i.eeByteWriteI2C)
    getCheckSum                              0x08003f21   Thumb Code    38  usart1.o(i.getCheckSum)
    k_key1                                   0x08003f49   Thumb Code    32  key.o(i.k_key1)
    k_key2                                   0x08003f79   Thumb Code    14  key.o(i.k_key2)
    k_key3                                   0x08003f91   Thumb Code     8  key.o(i.k_key3)
    k_key4                                   0x08003f9d   Thumb Code     8  key.o(i.k_key4)
    k_key5                                   0x08003fa9   Thumb Code     8  key.o(i.k_key5)
    k_key6                                   0x08003fb5   Thumb Code     8  key.o(i.k_key6)
    k_key7                                   0x08003fc1   Thumb Code     8  key.o(i.k_key7)
    k_key8                                   0x08003fcd   Thumb Code     8  key.o(i.k_key8)
    k_key9                                   0x08003fd9   Thumb Code     8  key.o(i.k_key9)
    key_scan                                 0x08003fe5   Thumb Code    80  key.o(i.key_scan)
    main                                     0x0800403d   Thumb Code   376  main.o(i.main)
    prveMBError2Exception                    0x080041d9   Thumb Code    34  modbus.o(i.prveMBError2Exception)
    time2_init                               0x080041fb   Thumb Code    66  main.o(i.time2_init)
    usMBCRC16                                0x0800423d   Thumb Code    48  modbus.o(i.usMBCRC16)
    vMBPortSerialEnable                      0x08004275   Thumb Code    72  modbus.o(i.vMBPortSerialEnable)
    vMBPortSerialEnable_UART1                0x080042c1   Thumb Code    78  usart1.o(i.vMBPortSerialEnable_UART1)
    vMBPortSerialEnable_UART3                0x08004319   Thumb Code    78  usart3.o(i.vMBPortSerialEnable_UART3)
    vMBPortSerialEnable_UART4                0x08004371   Thumb Code    78  usart4.o(i.vMBPortSerialEnable_UART4)
    vMBPortTimersDisable                     0x080043c9   Thumb Code     8  modbus.o(i.vMBPortTimersDisable)
    vMBPortTimersEnable                      0x080043d5   Thumb Code    14  modbus.o(i.vMBPortTimersEnable)
    xMBPortEventGet                          0x080043ed   Thumb Code    26  modbus.o(i.xMBPortEventGet)
    xMBPortEventPost                         0x08004411   Thumb Code    16  modbus.o(i.xMBPortEventPost)
    xMBPortSerialPutByte                     0x08004429   Thumb Code    16  usart2.o(i.xMBPortSerialPutByte)
    xMBPortSerialPutByte_UART1               0x0800443d   Thumb Code    16  usart1.o(i.xMBPortSerialPutByte_UART1)
    xMBPortSerialPutByte_UART3               0x08004451   Thumb Code    16  usart3.o(i.xMBPortSerialPutByte_UART3)
    xMBPortSerialPutByte_UART4               0x08004465   Thumb Code    16  usart4.o(i.xMBPortSerialPutByte_UART4)
    xMBRTUReceiveFSM                         0x08004479   Thumb Code   112  modbus.o(i.xMBRTUReceiveFSM)
    xMBRTUTimerT35Expired                    0x080044f5   Thumb Code    58  modbus.o(i.xMBRTUTimerT35Expired)
    xMBRTUTransmitFSM                        0x08004535   Thumb Code    94  modbus.o(i.xMBRTUTransmitFSM)
    xMBRTUTransmitFSM_UART1                  0x080045a1   Thumb Code    98  usart1.o(i.xMBRTUTransmitFSM_UART1)
    xMBRTUTransmitFSM_UART3                  0x08004619   Thumb Code    98  usart3.o(i.xMBRTUTransmitFSM_UART3)
    xMBRTUTransmitFSM_UART4                  0x08004691   Thumb Code    98  usart4.o(i.xMBRTUTransmitFSM_UART4)
    Region$$Table$$Base                      0x08004908   Number         0  anon$$obj.o(Region$$Table)
    Region$$Table$$Limit                     0x08004928   Number         0  anon$$obj.o(Region$$Table)
    HSEStartUpStatus                         0x20000001   Data           1  main.o(.data)
    EXTI_InitStructure                       0x20000004   Data           8  main.o(.data)
    IR_ThisPulse                             0x2000000c   Data           4  main.o(.data)
    IR_LastPulse                             0x20000010   Data           4  main.o(.data)
    IR_PulseSub                              0x20000014   Data           4  main.o(.data)
    TimeCountMs                              0x20000018   Data           4  main.o(.data)
    timeCountMin                             0x2000001c   Data           4  main.o(.data)
    time_cnt                                 0x20000020   Data           4  main.o(.data)
    DcMeterV2_Value                          0x20000024   Data           4  hmi_lcd.o(.data)
    DcMeterA2_Value                          0x20000028   Data           4  hmi_lcd.o(.data)
    AlarmGapCnt                              0x2000002c   Data           4  hmi_lcd.o(.data)
    Flag_Alarm_Bits                          0x20000030   Data           1  hmi_lcd.o(.data)
    Flag_SysSampState                        0x2000003c   Data           1  param.o(.data)
    NP_Mode                                  0x2000003d   Data           1  param.o(.data)
    SysVolSel                                0x2000003e   Data           1  param.o(.data)
    NP_ModeTmp                               0x2000003f   Data           1  param.o(.data)
    SysVolSelTmp                             0x20000040   Data           1  param.o(.data)
    TempSampleNum_MASKTmp                    0x20000044   Data           4  param.o(.data)
    Sys_Voltage                              0x20000048   Data           4  param.o(.data)
    Sys_TotalCurrent                         0x2000004c   Data           4  param.o(.data)
    Sys_CurTempreture                        0x20000050   Data           2  param.o(.data)
    EnvTempreture                            0x20000052   Data           2  param.o(.data)
    CurChQuiet_I                             0x20000054   Data           4  param.o(.data)
    CurChLoad_I                              0x20000058   Data           4  param.o(.data)
    CurChVdrop                               0x2000005c   Data           4  param.o(.data)
    CurChMeasQuiet_I                         0x20000060   Data           4  param.o(.data)
    CurChMeasLoad_I                          0x20000064   Data           4  param.o(.data)
    CurChMeasVdrop                           0x20000068   Data           4  param.o(.data)
    CurMesRow                                0x2000006c   Data           1  param.o(.data)
    CurMesCh                                 0x2000006d   Data           1  param.o(.data)
    Power_Sw                                 0x2000006e   Data           1  param.o(.data)
    Mode_Vol                                 0x2000006f   Data           1  param.o(.data)
    Mode_Np                                  0x20000070   Data           1  param.o(.data)
    Mode_NoNc                                0x20000071   Data           1  param.o(.data)
    Mode_Ch                                  0x20000072   Data           1  param.o(.data)
    SpRef                                    0x20000074   Data           2  param.o(.data)
    CH1_Np                                   0x20000076   Data           1  param.o(.data)
    CH2_Np                                   0x20000077   Data           1  param.o(.data)
    PowerSupplyMode                          0x20000078   Data           1  param.o(.data)
    TestPlateType                            0x20000079   Data           1  param.o(.data)
    MotorSpeed                               0x2000007c   Data           4  param.o(.data)
    SysRun_Freq                              0x20000080   Data           4  param.o(.data)
    CH1_Freq                                 0x20000084   Data           4  param.o(.data)
    CH2_Freq                                 0x20000088   Data           4  param.o(.data)
    CH1_Cnt                                  0x2000008c   Data           4  param.o(.data)
    CH2_Cnt                                  0x20000090   Data           4  param.o(.data)
    CH1_Pass_Cnt                             0x20000094   Data           4  param.o(.data)
    CH2_Pass_Cnt                             0x20000098   Data           4  param.o(.data)
    PwmDuty                                  0x2000009c   Data           4  param.o(.data)
    ControlValue                             0x200000a0   Data           4  param.o(.data)
    OutPutDuty                               0x200000a4   Data           4  param.o(.data)
    Min_Duty                                 0x200000a8   Data           4  param.o(.data)
    Ele_Load_En                              0x200000ac   Data           1  param.o(.data)
    Flag_Ch_Change                           0x200000ad   Data           1  param.o(.data)
    Ele_Load_Off_TimeOvCnt                   0x200000b0   Data           4  param.o(.data)
    Pingbang                                 0x200000b4   Data           1  param.o(.data)
    WakeNb                                   0x200000b5   Data           1  param.o(.data)
    Timovcnt_GetDataFromEEprom               0x200000b6   Data           1  param.o(.data)
    EncodePos                                0x200000b8   Data           4  param.o(.data)
    Monitor_timer3                           0x200000bc   Data           4  param.o(.data)
    TestTimeDly                              0x200000c0   Data           4  param.o(.data)
    Flag_Start_Cmd                           0x200000c8   Data           1  key.o(.data)
    ucKeyStep                                0x200000c9   Data           1  key.o(.data)
    ucRowRecord                              0x200000ca   Data           1  key.o(.data)
    uiKeyTimeCnt                             0x200000cc   Data           4  key.o(.data)
    ucKeyLock                                0x200000d0   Data           1  key.o(.data)
    ucKeySec                                 0x200000d1   Data           1  key.o(.data)
    KeyVal_FlagL                             0x200000d4   Data           4  key.o(.data)
    KeyVal_FlagM                             0x200000d8   Data           4  key.o(.data)
    KeyVal_FlagH                             0x200000dc   Data           4  key.o(.data)
    QuickKeyVal                              0x200000e0   Data           1  key.o(.data)
    MCGS_KeyValue                            0x200000e1   Data           1  key.o(.data)
    Keytmp                                   0x200000e2   Data           1  key.o(.data)
    PreSensFbState                           0x200000e3   Data           1  key.o(.data)
    Flag_Clear_Req                           0x200000e4   Data           1  key.o(.data)
    SafeSwitch_State                         0x200000e5   Data           1  key.o(.data)
    JogKeyVal                                0x200000e6   Data           1  key.o(.data)
    FunNb                                    0x200000e7   Data           1  key.o(.data)
    Flag_Run                                 0x200000e8   Data           1  key.o(.data)
    Motor_dir                                0x200000e9   Data           1  key.o(.data)
    Flag_SysRun                              0x200000ea   Data           1  key.o(.data)
    KeyCmd                                   0x200000eb   Data           1  key.o(.data)
    Key_Num                                  0x200000ec   Data           1  key.o(.data)
    Key_Backup                               0x200000ed   Data           1  key.o(.data)
    Key_Cjnum                                0x200000ee   Data           1  key.o(.data)
    Key_Dis_F                                0x200000ef   Data           1  key.o(.data)
    Key_Scan_F                               0x200000f0   Data           1  key.o(.data)
    Key_Last                                 0x200000f1   Data           1  key.o(.data)
    Key_LastEX                               0x200000f2   Data           1  key.o(.data)
    Key_Num2                                 0x200000f3   Data           1  key.o(.data)
    Key_Backup2                              0x200000f4   Data           1  key.o(.data)
    Key_Cjnum2                               0x200000f8   Data           4  key.o(.data)
    Key_Dis_F2                               0x200000fc   Data           1  key.o(.data)
    Key_Scan_F2                              0x200000fd   Data           1  key.o(.data)
    keyval                                   0x200000fe   Data           1  key.o(.data)
    keytmp                                   0x200000ff   Data           1  key.o(.data)
    Flag_Beep_ON_Req                         0x20000100   Data           1  key.o(.data)
    BeepEnable                               0x20000101   Data           1  key.o(.data)
    BeepCode                                 0x20000102   Data           1  key.o(.data)
    oBeepCnt                                 0x20000104   Data           4  key.o(.data)
    usRegInputStart                          0x2000010a   Data           2  modbus.o(.data)
    usRegInputBuf                            0x2000010c   Data         256  modbus.o(.data)
    usRegHoldingStart                        0x2000020c   Data           2  modbus.o(.data)
    usRegHoldingBuf                          0x2000020e   Data         256  modbus.o(.data)
    ucMBAddress                              0x2000030e   Data           1  modbus.o(.data)
    eMBCurrentMode                           0x2000030f   Data           1  modbus.o(.data)
    eSndState                                0x20000310   Data           1  modbus.o(.data)
    eRcvState                                0x20000311   Data           1  modbus.o(.data)
    pucSndBufferCur                          0x20000314   Data           4  modbus.o(.data)
    usSndBufferCount                         0x20000318   Data           2  modbus.o(.data)
    usRcvBufferPos                           0x2000031a   Data           2  modbus.o(.data)
    RTUTimerT35ExpiredEn                     0x2000031e   Data           1  modbus.o(.data)
    SampleIndex                              0x20000320   Data           2  modbus.o(.data)
    TempSampleIndex                          0x20000322   Data           1  modbus.o(.data)
    ChannelSampleEn                          0x20000323   Data           1  modbus.o(.data)
    DisMesureManual                          0x20000324   Data           4  modbus.o(.data)
    HysMesureManual                          0x20000328   Data           4  modbus.o(.data)
    tstdat20                                 0x200003ac   Data           4  modbus.o(.data)
    tstdat21u32                              0x200003b0   Data           4  modbus.o(.data)
    tstdat22u32                              0x200003b4   Data           4  modbus.o(.data)
    tstdat23u32                              0x200003b8   Data           4  modbus.o(.data)
    tstdat24u32                              0x200003bc   Data           4  modbus.o(.data)
    Np_Type                                  0x200003c0   Data           4  modbus.o(.data)
    Puls_cnt                                 0x200003d8   Data           4  motor.o(.data)
    Puls_cnt_CH1                             0x200003dc   Data           4  motor.o(.data)
    Puls_cnt_CH2                             0x200003e0   Data           4  motor.o(.data)
    Puls_cnt_CH_REF                          0x200003e4   Data           4  motor.o(.data)
    Puls_cnt_CH_SPD                          0x200003e8   Data           4  motor.o(.data)
    Puls_cnt_Coder                           0x200003ec   Data           4  motor.o(.data)
    Puls_cnt_CoderBackup                     0x200003f0   Data           4  motor.o(.data)
    Puls_cnt_CoderBase                       0x200003f4   Data           4  motor.o(.data)
    PulsLossMeasCnt_CH1                      0x200003f8   Data           4  motor.o(.data)
    PulsLossMeasCnt_CH2                      0x200003fc   Data           4  motor.o(.data)
    PulsLossMeasCnt_CH1_backup               0x20000400   Data           4  motor.o(.data)
    PulsLossMeasCnt_CH2_backup               0x20000404   Data           4  motor.o(.data)
    PulsLossMeasCnt_REF                      0x20000408   Data           4  motor.o(.data)
    Flag_LossMeas                            0x2000040c   Data           1  motor.o(.data)
    CircleNum                                0x20000410   Data           4  motor.o(.data)
    Flag_Get_Dat_Req                         0x20000414   Data           1  motor.o(.data)
    SavePoint                                0x20000415   Data           1  motor.o(.data)
    LowSpeedMeasCnt                          0x20000418   Data           4  motor.o(.data)
    SysWorkMode                              0x2000041c   Data           1  motor.o(.data)
    RunState                                 0x2000041d   Data           1  motor.o(.data)
    PauseState                               0x2000041e   Data           1  motor.o(.data)
    AddTime                                  0x20000420   Data           4  motor.o(.data)
    DecTime                                  0x20000424   Data           4  motor.o(.data)
    readdat                                  0x20000430   Data           4  eeprom.o(.data)
    ControlByte                              0x20000434   Data           1  eeprom.o(.data)
    HighAdd                                  0x20000435   Data           1  eeprom.o(.data)
    LowAdd                                   0x20000436   Data           1  eeprom.o(.data)
    SlaverIndex                              0x20000439   Data           1  usart1.o(.data)
    USART1_RX_CNT                            0x2000043a   Data           1  usart1.o(.data)
    USART1_RX_TIMEOUT                        0x2000043c   Data           4  usart1.o(.data)
    SlaveAddr                                0x20000440   Data           1  usart1.o(.data)
    TXGP                                     0x20000441   Data           1  usart1.o(.data)
    TXSP                                     0x20000442   Data           1  usart1.o(.data)
    TXBufcount                               0x20000443   Data           1  usart1.o(.data)
    pucSndBufferCur_uart1                    0x20000444   Data           4  usart1.o(.data)
    UartCmdGp                                0x20000448   Data           1  usart1.o(.data)
    UartCmdSp                                0x20000449   Data           1  usart1.o(.data)
    DisMeasCmd                               0x2000044a   Data           1  usart1.o(.data)
    DataReturnCmd                            0x2000044b   Data           1  usart1.o(.data)
    U16_METER01_V_Val                        0x2000044c   Data           4  usart1.o(.data)
    U16_METER02_V_Val                        0x20000450   Data           4  usart1.o(.data)
    U16_METER03_V_Val                        0x20000454   Data           4  usart1.o(.data)
    U16_METER04_V_Val                        0x20000458   Data           4  usart1.o(.data)
    U16_METER05_V_Val                        0x2000045c   Data           4  usart1.o(.data)
    U16_METER01_I_Val                        0x20000460   Data           4  usart1.o(.data)
    U16_METER02_I_Val                        0x20000464   Data           4  usart1.o(.data)
    U16_METER03_I_Val                        0x20000468   Data           4  usart1.o(.data)
    U16_METER04_I_Val                        0x2000046c   Data           4  usart1.o(.data)
    U16_METER05_I_Val                        0x20000470   Data           4  usart1.o(.data)
    MonitorDat1                              0x20000474   Data           2  usart1.o(.data)
    MonitorDat2                              0x20000478   Data           4  usart1.o(.data)
    MonitorDat3                              0x2000047c   Data           4  usart1.o(.data)
    MonitorDat4                              0x20000480   Data           4  usart1.o(.data)
    MonitorDat5                              0x20000484   Data           4  usart1.o(.data)
    MonitorDat6                              0x20000488   Data           4  usart1.o(.data)
    MonitorDat7                              0x2000048c   Data           4  usart1.o(.data)
    MonitorDat8                              0x20000490   Data           4  usart1.o(.data)
    CurAccessAddr                            0x20000494   Data           1  usart1.o(.data)
    CommunicationType                        0x20000495   Data           1  usart1.o(.data)
    Flag_Req_DlyOff_485TX                    0x20000496   Data           1  usart1.o(.data)
    DlyOff485TX_TimOvCnt                     0x20000497   Data           1  usart1.o(.data)
    eSndState_UART1                          0x20000498   Data           1  usart1.o(.data)
    eRcvState_UART1                          0x20000499   Data           1  usart1.o(.data)
    pucSndBufferCur_uart2                    0x200004a0   Data           4  usart2.o(.data)
    USART2_RX_CNT                            0x200004a4   Data           1  usart2.o(.data)
    USART2_RX_TIMEOUT                        0x200004a8   Data           4  usart2.o(.data)
    TX2GP                                    0x200004ac   Data           1  usart2.o(.data)
    TX2SP                                    0x200004ad   Data           1  usart2.o(.data)
    TX2Bufcount                              0x200004ae   Data           1  usart2.o(.data)
    Uart2CmdGp                               0x200004af   Data           1  usart2.o(.data)
    Uart2CmdSp                               0x200004b0   Data           1  usart2.o(.data)
    Uart2Cmd                                 0x200004b1   Data           1  usart2.o(.data)
    Uart2TxCommState                         0x200004b2   Data           1  usart2.o(.data)
    Uart2RxCommState                         0x200004b3   Data           1  usart2.o(.data)
    Uart2RecvCmd                             0x200004b4   Data           1  usart2.o(.data)
    Flag_Req_DlyOff_XMIT_UART2               0x200004b5   Data           1  usart2.o(.data)
    DlyOff_XMIT_TimOvCnt_UART2               0x200004b6   Data           1  usart2.o(.data)
    eSndState_UART2                          0x200004b7   Data           1  usart2.o(.data)
    eRcvState_UART2                          0x200004b8   Data           1  usart2.o(.data)
    pucSndBufferCur_uart3                    0x200004c8   Data           4  usart3.o(.data)
    USART3_RX_CNT                            0x200004cc   Data           1  usart3.o(.data)
    USART3_RX_TIMEOUT                        0x200004d0   Data           4  usart3.o(.data)
    TX3GP                                    0x200004d4   Data           1  usart3.o(.data)
    TX3SP                                    0x200004d5   Data           1  usart3.o(.data)
    TX3Bufcount                              0x200004d6   Data           1  usart3.o(.data)
    Uart3CmdGp                               0x200004d7   Data           1  usart3.o(.data)
    Uart3CmdSp                               0x200004d8   Data           1  usart3.o(.data)
    Uart3Cmd                                 0x200004d9   Data           1  usart3.o(.data)
    Uart3TxCommState                         0x200004da   Data           1  usart3.o(.data)
    Uart3RxCommState                         0x200004db   Data           1  usart3.o(.data)
    Uart3RecvCmd                             0x200004dc   Data           1  usart3.o(.data)
    Flag_Req_DlyOff_XMIT_UART3               0x200004dd   Data           1  usart3.o(.data)
    DlyOff_XMIT_TimOvCnt_UART3               0x200004de   Data           1  usart3.o(.data)
    eRcvState_UART3                          0x200004df   Data           1  usart3.o(.data)
    eSndState_UART3                          0x200004e0   Data           1  usart3.o(.data)
    pucSndBufferCur_uart4                    0x200004ec   Data           4  usart4.o(.data)
    SV                                       0x200004f0   Data           2  usart4.o(.data)
    PV                                       0x200004f2   Data           2  usart4.o(.data)
    EV                                       0x200004f4   Data           2  usart4.o(.data)
    XV                                       0x200004f6   Data           2  usart4.o(.data)
    PreCmd                                   0x200004f8   Data           1  usart4.o(.data)
    USART4_RX_CNT                            0x200004f9   Data           1  usart4.o(.data)
    USART4_RX_TIMEOUT                        0x200004fc   Data           4  usart4.o(.data)
    TX4GP                                    0x20000500   Data           1  usart4.o(.data)
    TX4SP                                    0x20000501   Data           1  usart4.o(.data)
    TX4Bufcount                              0x20000502   Data           1  usart4.o(.data)
    Uart4CmdGp                               0x20000503   Data           1  usart4.o(.data)
    Uart4CmdSp                               0x20000504   Data           1  usart4.o(.data)
    Uart4Cmd                                 0x20000505   Data           1  usart4.o(.data)
    Uart4TxCommState                         0x20000506   Data           1  usart4.o(.data)
    Uart4RxCommState                         0x20000507   Data           1  usart4.o(.data)
    Uart4RecvCmd                             0x20000508   Data           1  usart4.o(.data)
    Flag_Req_DlyOff_XMIT_UART4               0x20000509   Data           1  usart4.o(.data)
    DlyOff_XMIT_TimOvCnt_UART4               0x2000050a   Data           1  usart4.o(.data)
    eRcvState_UART4                          0x2000050b   Data           1  usart4.o(.data)
    eSndState_UART4                          0x2000050c   Data           1  usart4.o(.data)
    ucRTUBuf                                 0x2000052c   Data         256  modbus.o(.bss)
    TimeCntBuf                               0x2000062c   Data          24  motor.o(.bss)
    TimeCntBufBackup                         0x20000644   Data          24  motor.o(.bss)
    USART1_RX_BUF                            0x2000065c   Data          32  usart1.o(.bss)
    TXBuf                                    0x2000067c   Data          16  usart1.o(.bss)
    UartCmdBuf                               0x2000068c   Data          32  usart1.o(.bss)
    USART2_RX_BUF                            0x200006ac   Data          32  usart2.o(.bss)
    TX2Buf                                   0x200006cc   Data          32  usart2.o(.bss)
    Uart2CmdBuf                              0x200006ec   Data          32  usart2.o(.bss)
    USART3_RX_BUF                            0x2000070c   Data          32  usart3.o(.bss)
    TX3Buf                                   0x2000072c   Data          32  usart3.o(.bss)
    Uart3CmdBuf                              0x2000074c   Data          32  usart3.o(.bss)
    USART4_RX_BUF                            0x2000076c   Data          32  usart4.o(.bss)
    TX4Buf                                   0x2000078c   Data          32  usart4.o(.bss)
    Uart4CmdBuf                              0x200007ac   Data          32  usart4.o(.bss)
    __initial_sp                             0x20000bd0   Data           0  startup_stm32f10x_hd.o(STACK)



==============================================================================

Memory Map of the image

  Image Entry point : 0x08000131

  Load Region LR_IROM1 (Base: 0x08000000, Size: 0x00004e54, Max: 0x00040000, ABSOLUTE, COMPRESSED[0x00004a50])

    Execution Region ER_IROM1 (Exec base: 0x08000000, Load base: 0x08000000, Size: 0x00004928, Max: 0x00040000, ABSOLUTE)

    Exec Addr    Load Addr    Size         Type   Attr      Idx    E Section Name        Object

    0x08000000   0x08000000   0x00000130   Data   RO         3510    RESET               startup_stm32f10x_hd.o
    0x08000130   0x08000130   0x00000000   Code   RO         3515  * .ARM.Collect$$$$00000000  mc_w.l(entry.o)
    0x08000130   0x08000130   0x00000004   Code   RO         3526    .ARM.Collect$$$$00000001  mc_w.l(entry2.o)
    0x08000134   0x08000134   0x00000004   Code   RO         3529    .ARM.Collect$$$$00000004  mc_w.l(entry5.o)
    0x08000138   0x08000138   0x00000000   Code   RO         3531    .ARM.Collect$$$$00000008  mc_w.l(entry7b.o)
    0x08000138   0x08000138   0x00000000   Code   RO         3533    .ARM.Collect$$$$0000000A  mc_w.l(entry8b.o)
    0x08000138   0x08000138   0x00000008   Code   RO         3534    .ARM.Collect$$$$0000000B  mc_w.l(entry9a.o)
    0x08000140   0x08000140   0x00000000   Code   RO         3536    .ARM.Collect$$$$0000000D  mc_w.l(entry10a.o)
    0x08000140   0x08000140   0x00000000   Code   RO         3538    .ARM.Collect$$$$0000000F  mc_w.l(entry11a.o)
    0x08000140   0x08000140   0x00000004   Code   RO         3527    .ARM.Collect$$$$00002712  mc_w.l(entry2.o)
    0x08000144   0x08000144   0x00000024   Code   RO         3511    .text               startup_stm32f10x_hd.o
    0x08000168   0x08000168   0x00000064   Code   RO         3518    .text               mf_w.l(fmul.o)
    0x080001cc   0x080001cc   0x0000007c   Code   RO         3520    .text               mf_w.l(fdiv.o)
    0x08000248   0x08000248   0x0000000a   Code   RO         3522    .text               mf_w.l(ffltui.o)
    0x08000252   0x08000252   0x00000028   Code   RO         3524    .text               mf_w.l(ffixui.o)
    0x0800027a   0x0800027a   0x00000000   Code   RO         3540    .text               mc_w.l(iusefp.o)
    0x0800027a   0x0800027a   0x0000006e   Code   RO         3541    .text               mf_w.l(fepilogue.o)
    0x080002e8   0x080002e8   0x00000024   Code   RO         3543    .text               mc_w.l(init.o)
    0x0800030c   0x0800030c   0x00000056   Code   RO         3553    .text               mc_w.l(__dczerorl2.o)
    0x08000362   0x08000362   0x00000002   PAD
    0x08000364   0x08000364   0x000000d8   Code   RO          295    i.Alarm_Manage      hmi_lcd.o
    0x0800043c   0x0800043c   0x00000050   Code   RO          355    i.BeepDriver        key.o
    0x0800048c   0x0800048c   0x00000004   Code   RO          232    i.BusFault_Handler  stm32f10x_it.o
    0x08000490   0x08000490   0x00000100   Code   RO          693    i.CalcuSpeed        motor.o
    0x08000590   0x08000590   0x000000e0   Code   RO            1    i.Capture_Config    main.o
    0x08000670   0x08000670   0x00000024   Code   RO          457    i.ClearBuf          modbus.o
    0x08000694   0x08000694   0x00000002   Code   RO          233    i.DebugMon_Handler  stm32f10x_it.o
    0x08000696   0x08000696   0x0000000a   Code   RO            2    i.Delay             main.o
    0x080006a0   0x080006a0   0x00000018   Code   RO          326    i.DelayMS           param.o
    0x080006b8   0x080006b8   0x0000008c   Code   RO          296    i.Display           hmi_lcd.o
    0x08000744   0x08000744   0x00000002   Code   RO          790    i.EEprom_Manage     eeprom.o
    0x08000746   0x08000746   0x00000002   PAD
    0x08000748   0x08000748   0x00000044   Code   RO          694    i.EXTI0_IRQHandler  motor.o
    0x0800078c   0x0800078c   0x000000a0   Code   RO          695    i.EXTI15_10_IRQHandler  motor.o
    0x0800082c   0x0800082c   0x00000044   Code   RO          696    i.EXTI1_IRQHandler  motor.o
    0x08000870   0x08000870   0x00000016   Code   RO          697    i.EXTI9_5_IRQHandler  motor.o
    0x08000886   0x08000886   0x00000002   PAD
    0x08000888   0x08000888   0x00000100   Code   RO            3    i.EXTILine_Config   main.o
    0x08000988   0x08000988   0x0000000c   Code   RO         2064    i.EXTI_ClearITPendingBit  stm32f10x_exti.o
    0x08000994   0x08000994   0x00000028   Code   RO         2068    i.EXTI_GetITStatus  stm32f10x_exti.o
    0x080009bc   0x080009bc   0x00000094   Code   RO         2069    i.EXTI_Init         stm32f10x_exti.o
    0x08000a50   0x08000a50   0x00000010   Code   RO         2070    i.EXTI_StructInit   stm32f10x_exti.o
    0x08000a60   0x08000a60   0x00000018   Code   RO          297    i.Ele_load_Process  hmi_lcd.o
    0x08000a78   0x08000a78   0x00000004   Code   RO          459    i.EnterCriticalSection  modbus.o
    0x08000a7c   0x08000a7c   0x00000004   Code   RO          460    i.ExitCriticalSection  modbus.o
    0x08000a80   0x08000a80   0x0000001c   Code   RO         3306    i.FLASH_PrefetchBufferCmd  stm32f10x_flash.o
    0x08000a9c   0x08000a9c   0x00000018   Code   RO         3311    i.FLASH_SetLatency  stm32f10x_flash.o
    0x08000ab4   0x08000ab4   0x000000c0   Code   RO          699    i.FreeRun           motor.o
    0x08000b74   0x08000b74   0x0000013c   Code   RO            4    i.GPIO_Configuration  main.o
    0x08000cb0   0x08000cb0   0x00000040   Code   RO         1446    i.GPIO_EXTILineConfig  stm32f10x_gpio.o
    0x08000cf0   0x08000cf0   0x00000116   Code   RO         1449    i.GPIO_Init         stm32f10x_gpio.o
    0x08000e06   0x08000e06   0x00000002   PAD
    0x08000e08   0x08000e08   0x00000090   Code   RO         1451    i.GPIO_PinRemapConfig  stm32f10x_gpio.o
    0x08000e98   0x08000e98   0x00000012   Code   RO         1453    i.GPIO_ReadInputDataBit  stm32f10x_gpio.o
    0x08000eaa   0x08000eaa   0x0000000a   Code   RO         1460    i.GPIO_WriteBit     stm32f10x_gpio.o
    0x08000eb4   0x08000eb4   0x0000005c   Code   RO          949    i.GetData           usart1.o
    0x08000f10   0x08000f10   0x00000038   Code   RO         1177    i.GetDataUart3      usart3.o
    0x08000f48   0x08000f48   0x000000d8   Code   RO         1178    i.GetTx3buffer      usart3.o
    0x08001020   0x08001020   0x000002c0   Code   RO          950    i.GetTxbuffer       usart1.o
    0x080012e0   0x080012e0   0x00000004   Code   RO          234    i.HardFault_Handler  stm32f10x_it.o
    0x080012e4   0x080012e4   0x00000014   Code   RO          836    i.IIC_ClrSclPin     iic_smec98sp.o
    0x080012f8   0x080012f8   0x00000014   Code   RO          837    i.IIC_ClrSdaPin     iic_smec98sp.o
    0x0800130c   0x0800130c   0x00000016   Code   RO          838    i.IIC_Delay         iic_smec98sp.o
    0x08001322   0x08001322   0x00000002   PAD
    0x08001324   0x08001324   0x00000010   Code   RO          839    i.IIC_GetSdaStus    iic_smec98sp.o
    0x08001334   0x08001334   0x0000008c   Code   RO          840    i.IIC_Read          iic_smec98sp.o
    0x080013c0   0x080013c0   0x0000009a   Code   RO          842    i.IIC_Send          iic_smec98sp.o
    0x0800145a   0x0800145a   0x00000012   Code   RO          843    i.IIC_SetScl        iic_smec98sp.o
    0x0800146c   0x0800146c   0x00000014   Code   RO          844    i.IIC_SetSclPin     iic_smec98sp.o
    0x08001480   0x08001480   0x00000012   Code   RO          845    i.IIC_SetSda        iic_smec98sp.o
    0x08001492   0x08001492   0x00000002   PAD
    0x08001494   0x08001494   0x00000014   Code   RO          846    i.IIC_SetSdaPin     iic_smec98sp.o
    0x080014a8   0x080014a8   0x0000002c   Code   RO          847    i.IIC_Start         iic_smec98sp.o
    0x080014d4   0x080014d4   0x00000026   Code   RO          848    i.IIC_Stop          iic_smec98sp.o
    0x080014fa   0x080014fa   0x00000002   Code   RO          700    i.Idle1             motor.o
    0x080014fc   0x080014fc   0x00000168   Code   RO          791    i.IniEEprom         eeprom.o
    0x08001664   0x08001664   0x00000008   Code   RO            5    i.IniSysParameter   main.o
    0x0800166c   0x0800166c   0x00000068   Code   RO          356    i.KeyscanNormal     key.o
    0x080016d4   0x080016d4   0x00000070   Code   RO          701    i.LossManage        motor.o
    0x08001744   0x08001744   0x00000004   Code   RO          235    i.MemManage_Handler  stm32f10x_it.o
    0x08001748   0x08001748   0x0000015c   Code   RO          461    i.ModbusTestcode    modbus.o
    0x080018a4   0x080018a4   0x00000068   Code   RO          702    i.MotorContor       motor.o
    0x0800190c   0x0800190c   0x00000030   Code   RO          703    i.MotorRunManage    motor.o
    0x0800193c   0x0800193c   0x00000002   Code   RO          236    i.NMI_Handler       stm32f10x_it.o
    0x0800193e   0x0800193e   0x000000de   Code   RO            6    i.NVIC_Configuration  main.o
    0x08001a1c   0x08001a1c   0x00000070   Code   RO         1407    i.NVIC_Init         misc.o
    0x08001a8c   0x08001a8c   0x00000014   Code   RO         1408    i.NVIC_PriorityGroupConfig  misc.o
    0x08001aa0   0x08001aa0   0x00000090   Code   RO          704    i.Pause             motor.o
    0x08001b30   0x08001b30   0x00000002   Code   RO          237    i.PendSV_Handler    stm32f10x_it.o
    0x08001b32   0x08001b32   0x00000002   PAD
    0x08001b34   0x08001b34   0x00000020   Code   RO         1559    i.RCC_APB1PeriphClockCmd  stm32f10x_rcc.o
    0x08001b54   0x08001b54   0x00000020   Code   RO         1560    i.RCC_APB1PeriphResetCmd  stm32f10x_rcc.o
    0x08001b74   0x08001b74   0x00000020   Code   RO         1561    i.RCC_APB2PeriphClockCmd  stm32f10x_rcc.o
    0x08001b94   0x08001b94   0x00000020   Code   RO         1562    i.RCC_APB2PeriphResetCmd  stm32f10x_rcc.o
    0x08001bb4   0x08001bb4   0x0000007c   Code   RO            7    i.RCC_Configuration  main.o
    0x08001c30   0x08001c30   0x0000004c   Code   RO         1568    i.RCC_DeInit        stm32f10x_rcc.o
    0x08001c7c   0x08001c7c   0x000000d4   Code   RO         1569    i.RCC_GetClocksFreq  stm32f10x_rcc.o
    0x08001d50   0x08001d50   0x0000003c   Code   RO         1570    i.RCC_GetFlagStatus  stm32f10x_rcc.o
    0x08001d8c   0x08001d8c   0x00000010   Code   RO         1572    i.RCC_GetSYSCLKSource  stm32f10x_rcc.o
    0x08001d9c   0x08001d9c   0x00000018   Code   RO         1573    i.RCC_HCLKConfig    stm32f10x_rcc.o
    0x08001db4   0x08001db4   0x0000004c   Code   RO         1574    i.RCC_HSEConfig     stm32f10x_rcc.o
    0x08001e00   0x08001e00   0x00000018   Code   RO         1580    i.RCC_PCLK1Config   stm32f10x_rcc.o
    0x08001e18   0x08001e18   0x00000018   Code   RO         1581    i.RCC_PCLK2Config   stm32f10x_rcc.o
    0x08001e30   0x08001e30   0x0000000c   Code   RO         1582    i.RCC_PLLCmd        stm32f10x_rcc.o
    0x08001e3c   0x08001e3c   0x0000001c   Code   RO         1583    i.RCC_PLLConfig     stm32f10x_rcc.o
    0x08001e58   0x08001e58   0x00000018   Code   RO         1586    i.RCC_SYSCLKConfig  stm32f10x_rcc.o
    0x08001e70   0x08001e70   0x0000003a   Code   RO         1588    i.RCC_WaitForHSEStartUp  stm32f10x_rcc.o
    0x08001eaa   0x08001eaa   0x00000002   PAD
    0x08001eac   0x08001eac   0x0000009c   Code   RO          357    i.ReadKey           key.o
    0x08001f48   0x08001f48   0x0000003c   Code   RO          850    i.SMEC_I2cInit      iic_smec98sp.o
    0x08001f84   0x08001f84   0x00000002   Code   RO          238    i.SVC_Handler       stm32f10x_it.o
    0x08001f86   0x08001f86   0x00000002   PAD
    0x08001f88   0x08001f88   0x00000078   Code   RO          792    i.SaveEEprom        eeprom.o
    0x08002000   0x08002000   0x00000024   Code   RO          851    i.SdaInputMode      iic_smec98sp.o
    0x08002024   0x08002024   0x00000024   Code   RO          852    i.SdaOutputMode     iic_smec98sp.o
    0x08002048   0x08002048   0x00000008   Code   RO         3474    i.SetSysClock       system_stm32f10x.o
    0x08002050   0x08002050   0x000000e0   Code   RO         3475    i.SetSysClockTo72   system_stm32f10x.o
    0x08002130   0x08002130   0x0000005c   Code   RO          358    i.ShortKeyAction    key.o
    0x0800218c   0x0800218c   0x0000001c   Code   RO          359    i.ShortKeyActionEX  key.o
    0x080021a8   0x080021a8   0x00000002   Code   RO          239    i.SysTick_Handler   stm32f10x_it.o
    0x080021aa   0x080021aa   0x00000002   PAD
    0x080021ac   0x080021ac   0x00000060   Code   RO         3477    i.SystemInit        system_stm32f10x.o
    0x0800220c   0x0800220c   0x00000080   Code   RO         2504    i.TI1_Config        stm32f10x_tim.o
    0x0800228c   0x0800228c   0x00000098   Code   RO         2505    i.TI2_Config        stm32f10x_tim.o
    0x08002324   0x08002324   0x00000090   Code   RO         2506    i.TI3_Config        stm32f10x_tim.o
    0x080023b4   0x080023b4   0x00000098   Code   RO         2507    i.TI4_Config        stm32f10x_tim.o
    0x0800244c   0x0800244c   0x0000015c   Code   RO           10    i.TIM1_CC_IRQHandler  main.o
    0x080025a8   0x080025a8   0x00000030   Code   RO           11    i.TIM1_UP_IRQHandler  main.o
    0x080025d8   0x080025d8   0x0000007c   Code   RO           12    i.TIM2_IRQHandler   main.o
    0x08002654   0x08002654   0x0000001c   Code   RO           13    i.TIM3_IRQHandler   main.o
    0x08002670   0x08002670   0x0000002c   Code   RO          705    i.TIM4_IRQHandler   motor.o
    0x0800269c   0x0800269c   0x000000cc   Code   RO           17    i.TIM8_PWM_Init     main.o
    0x08002768   0x08002768   0x00000018   Code   RO         2508    i.TIM_ARRPreloadConfig  stm32f10x_tim.o
    0x08002780   0x08002780   0x00000006   Code   RO         2514    i.TIM_ClearFlag     stm32f10x_tim.o
    0x08002786   0x08002786   0x00000006   Code   RO         2515    i.TIM_ClearITPendingBit  stm32f10x_tim.o
    0x0800278c   0x0800278c   0x00000018   Code   RO         2520    i.TIM_Cmd           stm32f10x_tim.o
    0x080027a4   0x080027a4   0x0000001e   Code   RO         2522    i.TIM_CtrlPWMOutputs  stm32f10x_tim.o
    0x080027c2   0x080027c2   0x00000002   PAD
    0x080027c4   0x080027c4   0x000001e8   Code   RO         2525    i.TIM_DeInit        stm32f10x_tim.o
    0x080029ac   0x080029ac   0x00000006   Code   RO         2535    i.TIM_GetCapture1   stm32f10x_tim.o
    0x080029b2   0x080029b2   0x00000022   Code   RO         2541    i.TIM_GetITStatus   stm32f10x_tim.o
    0x080029d4   0x080029d4   0x000000ac   Code   RO         2543    i.TIM_ICInit        stm32f10x_tim.o
    0x08002a80   0x08002a80   0x00000012   Code   RO         2545    i.TIM_ITConfig      stm32f10x_tim.o
    0x08002a92   0x08002a92   0x00000002   PAD
    0x08002a94   0x08002a94   0x00000098   Code   RO         2549    i.TIM_OC1Init       stm32f10x_tim.o
    0x08002b2c   0x08002b2c   0x00000012   Code   RO         2552    i.TIM_OC1PreloadConfig  stm32f10x_tim.o
    0x08002b3e   0x08002b3e   0x00000014   Code   RO         2567    i.TIM_OCStructInit  stm32f10x_tim.o
    0x08002b52   0x08002b52   0x00000004   Code   RO         2579    i.TIM_SetAutoreload  stm32f10x_tim.o
    0x08002b56   0x08002b56   0x00000004   Code   RO         2581    i.TIM_SetCompare1   stm32f10x_tim.o
    0x08002b5a   0x08002b5a   0x00000012   Code   RO         2586    i.TIM_SetIC1Prescaler  stm32f10x_tim.o
    0x08002b6c   0x08002b6c   0x0000001a   Code   RO         2587    i.TIM_SetIC2Prescaler  stm32f10x_tim.o
    0x08002b86   0x08002b86   0x00000012   Code   RO         2588    i.TIM_SetIC3Prescaler  stm32f10x_tim.o
    0x08002b98   0x08002b98   0x0000001a   Code   RO         2589    i.TIM_SetIC4Prescaler  stm32f10x_tim.o
    0x08002bb2   0x08002bb2   0x00000002   PAD
    0x08002bb4   0x08002bb4   0x000000a4   Code   RO         2591    i.TIM_TimeBaseInit  stm32f10x_tim.o
    0x08002c58   0x08002c58   0x00000012   Code   RO         2592    i.TIM_TimeBaseStructInit  stm32f10x_tim.o
    0x08002c6a   0x08002c6a   0x00000002   PAD
    0x08002c6c   0x08002c6c   0x00000034   Code   RO         1179    i.TX3send           usart3.o
    0x08002ca0   0x08002ca0   0x00000034   Code   RO          952    i.TXsend            usart1.o
    0x08002cd4   0x08002cd4   0x0000005c   Code   RO          706    i.TaskSwitch        motor.o
    0x08002d30   0x08002d30   0x00000014   Code   RO           18    i.Testcode          main.o
    0x08002d44   0x08002d44   0x000000a0   Code   RO          327    i.TimeBase          param.o
    0x08002de4   0x08002de4   0x00000080   Code   RO         1295    i.UART4_IRQHandler  usart4.o
    0x08002e64   0x08002e64   0x00000080   Code   RO          953    i.USART1_IRQHandler  usart1.o
    0x08002ee4   0x08002ee4   0x00000064   Code   RO         1060    i.USART2_IRQHandler  usart2.o
    0x08002f48   0x08002f48   0x00000080   Code   RO         1180    i.USART3_IRQHandler  usart3.o
    0x08002fc8   0x08002fc8   0x00000012   Code   RO         3052    i.USART_ClearFlag   stm32f10x_usart.o
    0x08002fda   0x08002fda   0x00000018   Code   RO         3056    i.USART_Cmd         stm32f10x_usart.o
    0x08002ff2   0x08002ff2   0x0000001a   Code   RO         3059    i.USART_GetFlagStatus  stm32f10x_usart.o
    0x0800300c   0x0800300c   0x00000054   Code   RO         3060    i.USART_GetITStatus  stm32f10x_usart.o
    0x08003060   0x08003060   0x0000004a   Code   RO         3062    i.USART_ITConfig    stm32f10x_usart.o
    0x080030aa   0x080030aa   0x00000002   PAD
    0x080030ac   0x080030ac   0x000000d8   Code   RO         3063    i.USART_Init        stm32f10x_usart.o
    0x08003184   0x08003184   0x0000000a   Code   RO         3070    i.USART_ReceiveData  stm32f10x_usart.o
    0x0800318e   0x0800318e   0x00000008   Code   RO         3073    i.USART_SendData    stm32f10x_usart.o
    0x08003196   0x08003196   0x00000010   Code   RO          955    i.Uart1_Manage      usart1.o
    0x080031a6   0x080031a6   0x00000002   PAD
    0x080031a8   0x080031a8   0x00000030   Code   RO          956    i.Uart1_RS485       usart1.o
    0x080031d8   0x080031d8   0x00000040   Code   RO          957    i.Uart1_Rx          usart1.o
    0x08003218   0x08003218   0x00000028   Code   RO          958    i.Uart1_Tx          usart1.o
    0x08003240   0x08003240   0x0000000c   Code   RO         1064    i.Uart2_Manage      usart2.o
    0x0800324c   0x0800324c   0x00000084   Code   RO         1065    i.Uart2_RS232       usart2.o
    0x080032d0   0x080032d0   0x00000044   Code   RO         1066    i.Uart2_Rx          usart2.o
    0x08003314   0x08003314   0x00000028   Code   RO         1182    i.Uart3InputCmd     usart3.o
    0x0800333c   0x0800333c   0x00000010   Code   RO         1185    i.Uart3_Manage      usart3.o
    0x0800334c   0x0800334c   0x00000074   Code   RO         1186    i.Uart3_RS485       usart3.o
    0x080033c0   0x080033c0   0x00000040   Code   RO         1187    i.Uart3_Rx          usart3.o
    0x08003400   0x08003400   0x00000028   Code   RO         1188    i.Uart3_Tx          usart3.o
    0x08003428   0x08003428   0x00000004   Code   RO          240    i.UsageFault_Handler  stm32f10x_it.o
    0x0800342c   0x0800342c   0x000000a8   Code   RO          959    i.Usart1_Init       usart1.o
    0x080034d4   0x080034d4   0x000000bc   Code   RO         1068    i.Usart2_Init       usart2.o
    0x08003590   0x08003590   0x000000c4   Code   RO         1189    i.Usart3_Init       usart3.o
    0x08003654   0x08003654   0x0000000e   Code   RO         3547    i.__scatterload_copy  mc_w.l(handlers.o)
    0x08003662   0x08003662   0x00000002   Code   RO         3548    i.__scatterload_null  mc_w.l(handlers.o)
    0x08003664   0x08003664   0x0000000e   Code   RO         3549    i.__scatterload_zeroinit  mc_w.l(handlers.o)
    0x08003672   0x08003672   0x000000ae   Code   RO          463    i.eMBFuncReadCoils  modbus.o
    0x08003720   0x08003720   0x000000ac   Code   RO          464    i.eMBFuncReadDiscreteInputs  modbus.o
    0x080037cc   0x080037cc   0x0000008c   Code   RO          465    i.eMBFuncReadHoldingRegister  modbus.o
    0x08003858   0x08003858   0x0000008c   Code   RO          466    i.eMBFuncReadInputRegister  modbus.o
    0x080038e4   0x080038e4   0x000000d4   Code   RO          467    i.eMBFuncReadWriteMultipleHoldingRegister  modbus.o
    0x080039b8   0x080039b8   0x00000004   Code   RO          468    i.eMBFuncReportSlaveID  modbus.o
    0x080039bc   0x080039bc   0x00000070   Code   RO          469    i.eMBFuncWriteCoil  modbus.o
    0x08003a2c   0x08003a2c   0x00000042   Code   RO          470    i.eMBFuncWriteHoldingRegister  modbus.o
    0x08003a6e   0x08003a6e   0x00000090   Code   RO          471    i.eMBFuncWriteMultipleCoils  modbus.o
    0x08003afe   0x08003afe   0x0000006e   Code   RO          472    i.eMBFuncWriteMultipleHoldingRegister  modbus.o
    0x08003b6c   0x08003b6c   0x0000002c   Code   RO          473    i.eMBInit           modbus.o
    0x08003b98   0x08003b98   0x00000124   Code   RO          474    i.eMBPoll           modbus.o
    0x08003cbc   0x08003cbc   0x00000064   Code   RO          475    i.eMBRTUReceive     modbus.o
    0x08003d20   0x08003d20   0x00000090   Code   RO          476    i.eMBRTUSend        modbus.o
    0x08003db0   0x08003db0   0x00000024   Code   RO          477    i.eMBRTUStart       modbus.o
    0x08003dd4   0x08003dd4   0x00000008   Code   RO          478    i.eMBRegCoilsCB     modbus.o
    0x08003ddc   0x08003ddc   0x00000006   Code   RO          479    i.eMBRegDiscreteCB  modbus.o
    0x08003de2   0x08003de2   0x00000002   PAD
    0x08003de4   0x08003de4   0x0000007c   Code   RO          480    i.eMBRegHoldingCB   modbus.o
    0x08003e60   0x08003e60   0x00000048   Code   RO          481    i.eMBRegInputCB     modbus.o
    0x08003ea8   0x08003ea8   0x00000048   Code   RO          793    i.eeByteReadI2C     eeprom.o
    0x08003ef0   0x08003ef0   0x00000030   Code   RO          794    i.eeByteWriteI2C    eeprom.o
    0x08003f20   0x08003f20   0x00000026   Code   RO          960    i.getCheckSum       usart1.o
    0x08003f46   0x08003f46   0x00000002   PAD
    0x08003f48   0x08003f48   0x00000030   Code   RO          360    i.k_key1            key.o
    0x08003f78   0x08003f78   0x00000018   Code   RO          361    i.k_key2            key.o
    0x08003f90   0x08003f90   0x0000000c   Code   RO          362    i.k_key3            key.o
    0x08003f9c   0x08003f9c   0x0000000c   Code   RO          363    i.k_key4            key.o
    0x08003fa8   0x08003fa8   0x0000000c   Code   RO          364    i.k_key5            key.o
    0x08003fb4   0x08003fb4   0x0000000c   Code   RO          365    i.k_key6            key.o
    0x08003fc0   0x08003fc0   0x0000000c   Code   RO          366    i.k_key7            key.o
    0x08003fcc   0x08003fcc   0x0000000c   Code   RO          367    i.k_key8            key.o
    0x08003fd8   0x08003fd8   0x0000000c   Code   RO          368    i.k_key9            key.o
    0x08003fe4   0x08003fe4   0x00000058   Code   RO          369    i.key_scan          key.o
    0x0800403c   0x0800403c   0x0000019c   Code   RO           19    i.main              main.o
    0x080041d8   0x080041d8   0x00000022   Code   RO          483    i.prveMBError2Exception  modbus.o
    0x080041fa   0x080041fa   0x00000042   Code   RO           20    i.time2_init        main.o
    0x0800423c   0x0800423c   0x00000038   Code   RO          484    i.usMBCRC16         modbus.o
    0x08004274   0x08004274   0x0000004c   Code   RO          485    i.vMBPortSerialEnable  modbus.o
    0x080042c0   0x080042c0   0x00000058   Code   RO          961    i.vMBPortSerialEnable_UART1  usart1.o
    0x08004318   0x08004318   0x00000058   Code   RO         1191    i.vMBPortSerialEnable_UART3  usart3.o
    0x08004370   0x08004370   0x00000058   Code   RO         1306    i.vMBPortSerialEnable_UART4  usart4.o
    0x080043c8   0x080043c8   0x0000000c   Code   RO          486    i.vMBPortTimersDisable  modbus.o
    0x080043d4   0x080043d4   0x00000018   Code   RO          487    i.vMBPortTimersEnable  modbus.o
    0x080043ec   0x080043ec   0x00000024   Code   RO          488    i.xMBPortEventGet   modbus.o
    0x08004410   0x08004410   0x00000018   Code   RO          490    i.xMBPortEventPost  modbus.o
    0x08004428   0x08004428   0x00000014   Code   RO         1071    i.xMBPortSerialPutByte  usart2.o
    0x0800443c   0x0800443c   0x00000014   Code   RO          962    i.xMBPortSerialPutByte_UART1  usart1.o
    0x08004450   0x08004450   0x00000014   Code   RO         1192    i.xMBPortSerialPutByte_UART3  usart3.o
    0x08004464   0x08004464   0x00000014   Code   RO         1307    i.xMBPortSerialPutByte_UART4  usart4.o
    0x08004478   0x08004478   0x0000007c   Code   RO          491    i.xMBRTUReceiveFSM  modbus.o
    0x080044f4   0x080044f4   0x00000040   Code   RO          492    i.xMBRTUTimerT35Expired  modbus.o
    0x08004534   0x08004534   0x0000006c   Code   RO          493    i.xMBRTUTransmitFSM  modbus.o
    0x080045a0   0x080045a0   0x00000078   Code   RO          963    i.xMBRTUTransmitFSM_UART1  usart1.o
    0x08004618   0x08004618   0x00000078   Code   RO         1193    i.xMBRTUTransmitFSM_UART3  usart3.o
    0x08004690   0x08004690   0x00000078   Code   RO         1308    i.xMBRTUTransmitFSM_UART4  usart4.o
    0x08004708   0x08004708   0x00000200   Data   RO          495    .constdata          modbus.o
    0x08004908   0x08004908   0x00000020   Data   RO         3545    Region$$Table       anon$$obj.o


    Execution Region RW_IRAM1 (Exec base: 0x20000000, Load base: 0x08004928, Size: 0x00000bd0, Max: 0x0000c000, ABSOLUTE, COMPRESSED[0x00000128])

    Exec Addr    Load Addr    Size         Type   Attr      Idx    E Section Name        Object

    0x20000000   COMPRESSED   0x00000024   Data   RW           23    .data               main.o
    0x20000024   COMPRESSED   0x00000016   Data   RW          298    .data               hmi_lcd.o
    0x2000003a   COMPRESSED   0x00000002   PAD
    0x2000003c   COMPRESSED   0x0000008c   Data   RW          328    .data               param.o
    0x200000c8   COMPRESSED   0x00000040   Data   RW          370    .data               key.o
    0x20000108   COMPRESSED   0x000002d0   Data   RW          496    .data               modbus.o
    0x200003d8   COMPRESSED   0x00000051   Data   RW          708    .data               motor.o
    0x20000429   COMPRESSED   0x00000003   PAD
    0x2000042c   COMPRESSED   0x0000000b   Data   RW          795    .data               eeprom.o
    0x20000437   COMPRESSED   0x00000001   PAD
    0x20000438   COMPRESSED   0x00000063   Data   RW          966    .data               usart1.o
    0x2000049b   COMPRESSED   0x00000001   PAD
    0x2000049c   COMPRESSED   0x00000025   Data   RW         1075    .data               usart2.o
    0x200004c1   COMPRESSED   0x00000003   PAD
    0x200004c4   COMPRESSED   0x00000024   Data   RW         1195    .data               usart3.o
    0x200004e8   COMPRESSED   0x0000002e   Data   RW         1310    .data               usart4.o
    0x20000516   COMPRESSED   0x00000014   Data   RW         1589    .data               stm32f10x_rcc.o
    0x2000052a   COMPRESSED   0x00000002   PAD
    0x2000052c        -       0x00000100   Zero   RW          494    .bss                modbus.o
    0x2000062c        -       0x00000030   Zero   RW          707    .bss                motor.o
    0x2000065c        -       0x00000050   Zero   RW          964    .bss                usart1.o
    0x200006ac        -       0x00000060   Zero   RW         1074    .bss                usart2.o
    0x2000070c        -       0x00000060   Zero   RW         1194    .bss                usart3.o
    0x2000076c        -       0x00000060   Zero   RW         1309    .bss                usart4.o
    0x200007cc   COMPRESSED   0x00000004   PAD
    0x200007d0        -       0x00000400   Zero   RW         3508    STACK               startup_stm32f10x_hd.o


==============================================================================

Image component sizes


      Code (inc. data)   RO Data    RW Data    ZI Data      Debug   Object Name

         0          0          0          0          0         32   core_cm3.o
       602         54          0         11          0       3411   eeprom.o
       380         74          0         22          0       1954   hmi_lcd.o
       662         44          0          0          0       7866   iic_smec98sp.o
       704        142          0         64          0       8496   key.o
      2410        228          0         36          0     268915   main.o
       132         22          0          0          0       1727   misc.o
      3050        270        512        720        256      28671   modbus.o
      1312        248          0         81         48       8765   motor.o
       184         30          0        140          0       3281   param.o
        36          8        304          0       1024        920   startup_stm32f10x_hd.o
       216         18          0          0          0       2946   stm32f10x_exti.o
        52         12          0          0          0       1217   stm32f10x_flash.o
       514         10          0          0          0       4988   stm32f10x_gpio.o
        26          0          0          0          0       4010   stm32f10x_it.o
       762        104          0         20          0      12728   stm32f10x_rcc.o
      1852        234          0          0          0      17505   stm32f10x_tim.o
       460          6          0          0          0       7275   stm32f10x_usart.o
       328         26          0          0          0       1973   system_stm32f10x.o
      1578        188          0         99         80      10363   usart1.o
       520         64          0         37         96       4986   usart2.o
      1152        170          0         36         96       8857   usart3.o
       356         54          0         46         96       4628   usart4.o

    ----------------------------------------------------------------------
     17322       2006        848       1324       1700     415514   Object Totals
         0          0         32          0          0          0   (incl. Generated)
        34          0          0         12          4          0   (incl. Padding)

    ----------------------------------------------------------------------

      Code (inc. data)   RO Data    RW Data    ZI Data      Debug   Library Member Name

        86          0          0          0          0          0   __dczerorl2.o
         0          0          0          0          0          0   entry.o
         0          0          0          0          0          0   entry10a.o
         0          0          0          0          0          0   entry11a.o
         8          4          0          0          0          0   entry2.o
         4          0          0          0          0          0   entry5.o
         0          0          0          0          0          0   entry7b.o
         0          0          0          0          0          0   entry8b.o
         8          4          0          0          0          0   entry9a.o
        30          0          0          0          0          0   handlers.o
        36          8          0          0          0         68   init.o
         0          0          0          0          0          0   iusefp.o
       124          0          0          0          0         88   fdiv.o
       110          0          0          0          0        168   fepilogue.o
        40          0          0          0          0         68   ffixui.o
        10          0          0          0          0         68   ffltui.o
       100          0          0          0          0         76   fmul.o

    ----------------------------------------------------------------------
       558         16          0          0          0        536   Library Totals
         2          0          0          0          0          0   (incl. Padding)

    ----------------------------------------------------------------------

      Code (inc. data)   RO Data    RW Data    ZI Data      Debug   Library Name

       172         16          0          0          0         68   mc_w.l
       384          0          0          0          0        468   mf_w.l

    ----------------------------------------------------------------------
       558         16          0          0          0        536   Library Totals

    ----------------------------------------------------------------------

==============================================================================


      Code (inc. data)   RO Data    RW Data    ZI Data      Debug   

     17880       2022        848       1324       1700     405362   Grand Totals
     17880       2022        848        296       1700     405362   ELF Image Totals (compressed)
     17880       2022        848        296          0          0   ROM Totals

==============================================================================

    Total RO  Size (Code + RO Data)                18728 (  18.29kB)
    Total RW  Size (RW Data + ZI Data)              3024 (   2.95kB)
    Total ROM Size (Code + RO Data + RW Data)      19024 (  18.58kB)

==============================================================================

