<html>
<body>
<pre>
<h1>µVision Build Log</h1>
<h2>Tool Versions:</h2>
IDE-Version: ¦ÌVision V5.24.2.0
Copyright (C) 2017 ARM Ltd and ARM Germany GmbH. All rights reserved.
License Information: KEVIN YIN, TOPBANDMEET, LIC=MGXAR-K1GHA-REUH3-A2T2I-EUBXS-H64YY
 
Tool Versions:
Toolchain:       MDK-ARM Professional  Version: 5.24.1
Toolchain Path:  C:\Keil_v5\ARM\ARMCC\Bin
C Compiler:      Armcc.exe V5.06 update 5 (build 528)
Assembler:       Armasm.exe V5.06 update 5 (build 528)
Linker/Locator:  ArmLink.exe V5.06 update 5 (build 528)
Library Manager: ArmAr.exe V5.06 update 5 (build 528)
Hex Converter:   FromElf.exe V5.06 update 5 (build 528)
CPU DLL:         SARMCM3.DLL V5.24.1
Dialog DLL:      DCM.DLL V1.16.0.0
Target DLL:      Segger\JL2CM3.dll V2.99.26.0
Dialog DLL:      TCM.DLL V1.32.0.0
 
<h2>Project:</h2>
G:\ProjectManagement\TOPBANDMEET\SFMI\SFMI02\SOFTWARE\1.MAIN_BD\V3.0\GPIO\MDK-ARM\Project.uvprojx
Project File Date:  12/29/2024

<h2>Output:</h2>
*** Using Compiler 'V5.06 update 5 (build 528)', folder: 'C:\Keil_v5\ARM\ARMCC\Bin'
Build target 'LED'
Clean started - Project: 'Project'
   deleting intermediate output files for target 'LED'
compiling main.c...
..\USER\motor.h(18): warning:  #260-D: explicit type is missing ("int" assumed)
  extern Puls_cnt_CoderBackup;
..\USER\main.c(804): warning:  #223-D: function "SMEC_I2cInit" declared implicitly
             SMEC_I2cInit(); 
..\USER\main.c(805): warning:  #223-D: function "IIC_SetSdaPin" declared implicitly
           IIC_SetSdaPin(); IIC_SetSclPin();
..\USER\main.c(805): warning:  #223-D: function "IIC_SetSclPin" declared implicitly
           IIC_SetSdaPin(); IIC_SetSclPin();
..\USER\main.c(401): warning:  #177-D: function "timer8_PWM_Init"  was declared but never referenced
   static void timer8_PWM_Init(void)
..\USER\main.c: 5 warnings, 0 errors
compiling stm32f10x_it.c...
compiling HMI_LCD.C...
..\USER\motor.h(18): warning:  #260-D: explicit type is missing ("int" assumed)
  extern Puls_cnt_CoderBackup;
..\USER\HMI_LCD.C: 1 warning, 0 errors
compiling param.c...
..\USER\motor.h(18): warning:  #260-D: explicit type is missing ("int" assumed)
  extern Puls_cnt_CoderBackup;
..\USER\param.c: 1 warning, 0 errors
compiling key.c...
..\USER\motor.h(18): warning:  #260-D: explicit type is missing ("int" assumed)
  extern Puls_cnt_CoderBackup;
..\USER\key.c: 1 warning, 0 errors
compiling modbus.c...
..\USER\motor.h(18): warning:  #260-D: explicit type is missing ("int" assumed)
  extern Puls_cnt_CoderBackup;
..\USER\modbus.c(263): warning:  #940-D: missing return statement at end of non-void function "eMBSetSlaveID" 
   }
..\USER\modbus.c(269): warning:  #940-D: missing return statement at end of non-void function "eMBFuncReportSlaveID" 
   }
..\USER\modbus.c(878): warning:  #186-D: pointless comparison of unsigned integer with zero
         if( ( usAddress >= 
EG_INPUT_START )
..\USER\modbus.c(904): warning:  #186-D: pointless comparison of unsigned integer with zero
         if( ( usAddress >= 
EG_HOLDING_START ) &&
..\USER\modbus.c(1077): warning:  #117-D: non-void function "eMBRTUReceive"  should return a value
         if(!(usRcvBufferPos < 
B_SER_PDU_SIZE_MAX )){return;} // 
..\USER\modbus.c(1072): warning:  #550-D: variable "xFrameReceived"  was set but never used
         BOOL                    xFrameReceived = FALSE;
..\USER\modbus.c(1382): warning:  #111-D: statement is unreachable
                         break;
..\USER\modbus.c(1389): warning:  #940-D: missing return statement at end of non-void function "eMBPoll" 
   }
..\USER\modbus.c(1416): warning:  #177-D: variable "dly"  was declared but never referenced
        static u16 dly=200; 
..\USER\modbus.c(1417): warning:  #177-D: variable "i"  was declared but never referenced
        static u8 i=0; 
..\USER\modbus.c(1418): warning:  #177-D: variable "j"  was declared but never referenced
        static u8 j=0; 
..\USER\modbus.c: 12 warnings, 0 errors
compiling motor.c...
..\USER\motor.h(18): warning:  #260-D: explicit type is missing ("int" assumed)
  extern Puls_cnt_CoderBackup;
..\USER\motor.c: 1 warning, 0 errors
compiling eeprom.c...
compiling iic_smec98sp.c...
compiling usart1.c...
..\USER\motor.h(18): warning:  #260-D: explicit type is missing ("int" assumed)
  extern Puls_cnt_CoderBackup;
..\USER\usart1.c: 1 warning, 0 errors
compiling usart2.c...
..\USER\motor.h(18): warning:  #260-D: explicit type is missing ("int" assumed)
  extern Puls_cnt_CoderBackup;
..\USER\usart2.c(403): warning:  #177-D: variable "u8tmp2"  was declared but never referenced
        u8 u8tmp1,u8tmp2;
..\USER\usart2.c(644): warning:  #177-D: variable "cmd"  was declared but never referenced
           uchar cmd; 
..\USER\usart2.c: 3 warnings, 0 errors
compiling usart3.c...
..\USER\motor.h(18): warning:  #260-D: explicit type is missing ("int" assumed)
  extern Puls_cnt_CoderBackup;
..\USER\usart3.c: 1 warning, 0 errors
compiling usart4.c...
..\USER\motor.h(18): warning:  #260-D: explicit type is missing ("int" assumed)
  extern Puls_cnt_CoderBackup;
..\USER\usart4.c: 1 warning, 0 errors
compiling misc.c...
compiling stm32f10x_gpio.c...
compiling stm32f10x_rcc.c...
compiling stm32f10x_adc.c...
compiling stm32f10x_dac.c...
compiling stm32f10x_exti.c...
compiling stm32f10x_iwdg.c...
compiling stm32f10x_pwr.c...
compiling stm32f10x_rtc.c...
compiling stm32f10x_sdio.c...
compiling stm32f10x_tim.c...
compiling stm32f10x_usart.c...
compiling stm32f10x_wwdg.c...
compiling stm32f10x_flash.c...
compiling core_cm3.c...
compiling system_stm32f10x.c...
assembling startup_stm32f10x_hd.s...
linking...
Program Size: Code=17880 RO-data=848 RW-data=1324 ZI-data=1700  
".\Obj\Project.axf" - 0 Error(s), 27 Warning(s).

*** Performing Cross-Module-Optimization:
compiling main.c...
..\USER\motor.h(18): warning:  #260-D: explicit type is missing ("int" assumed)
  extern Puls_cnt_CoderBackup;
..\USER\main.c(804): warning:  #223-D: function "SMEC_I2cInit" declared implicitly
             SMEC_I2cInit(); 
..\USER\main.c(805): warning:  #223-D: function "IIC_SetSdaPin" declared implicitly
           IIC_SetSdaPin(); IIC_SetSclPin();
..\USER\main.c(805): warning:  #223-D: function "IIC_SetSclPin" declared implicitly
           IIC_SetSdaPin(); IIC_SetSclPin();
..\USER\main.c(401): warning:  #177-D: function "timer8_PWM_Init"  was declared but never referenced
   static void timer8_PWM_Init(void)
..\USER\main.c: 5 warnings, 0 errors
compiling param.c...
..\USER\motor.h(18): warning:  #260-D: explicit type is missing ("int" assumed)
  extern Puls_cnt_CoderBackup;
..\USER\param.c: 1 warning, 0 errors
compiling modbus.c...
..\USER\motor.h(18): warning:  #260-D: explicit type is missing ("int" assumed)
  extern Puls_cnt_CoderBackup;
..\USER\modbus.c(263): warning:  #940-D: missing return statement at end of non-void function "eMBSetSlaveID" 
   }
..\USER\modbus.c(269): warning:  #940-D: missing return statement at end of non-void function "eMBFuncReportSlaveID" 
   }
..\USER\modbus.c(878): warning:  #186-D: pointless comparison of unsigned integer with zero
         if( ( usAddress >= 
EG_INPUT_START )
..\USER\modbus.c(904): warning:  #186-D: pointless comparison of unsigned integer with zero
         if( ( usAddress >= 
EG_HOLDING_START ) &&
..\USER\modbus.c(1077): warning:  #117-D: non-void function "eMBRTUReceive"  should return a value
         if(!(usRcvBufferPos < 
B_SER_PDU_SIZE_MAX )){return;} // 
..\USER\modbus.c(1072): warning:  #550-D: variable "xFrameReceived"  was set but never used
         BOOL                    xFrameReceived = FALSE;
..\USER\modbus.c(1382): warning:  #111-D: statement is unreachable
                         break;
..\USER\modbus.c(1389): warning:  #940-D: missing return statement at end of non-void function "eMBPoll" 
   }
..\USER\modbus.c(1416): warning:  #177-D: variable "dly"  was declared but never referenced
        static u16 dly=200; 
..\USER\modbus.c(1417): warning:  #177-D: variable "i"  was declared but never referenced
        static u8 i=0; 
..\USER\modbus.c(1418): warning:  #177-D: variable "j"  was declared but never referenced
        static u8 j=0; 
..\USER\modbus.c: 12 warnings, 0 errors
compiling motor.c...
..\USER\motor.h(18): warning:  #260-D: explicit type is missing ("int" assumed)
  extern Puls_cnt_CoderBackup;
..\USER\motor.c: 1 warning, 0 errors
compiling iic_smec98sp.c...
compiling usart1.c...
..\USER\motor.h(18): warning:  #260-D: explicit type is missing ("int" assumed)
  extern Puls_cnt_CoderBackup;
..\USER\usart1.c: 1 warning, 0 errors
compiling usart2.c...
..\USER\motor.h(18): warning:  #260-D: explicit type is missing ("int" assumed)
  extern Puls_cnt_CoderBackup;
..\USER\usart2.c(403): warning:  #177-D: variable "u8tmp2"  was declared but never referenced
        u8 u8tmp1,u8tmp2;
..\USER\usart2.c(644): warning:  #177-D: variable "cmd"  was declared but never referenced
           uchar cmd; 
..\USER\usart2.c: 3 warnings, 0 errors
compiling usart3.c...
..\USER\motor.h(18): warning:  #260-D: explicit type is missing ("int" assumed)
  extern Puls_cnt_CoderBackup;
..\USER\usart3.c: 1 warning, 0 errors
compiling usart4.c...
..\USER\motor.h(18): warning:  #260-D: explicit type is missing ("int" assumed)
  extern Puls_cnt_CoderBackup;
..\USER\usart4.c: 1 warning, 0 errors
compiling misc.c...
compiling stm32f10x_gpio.c...
compiling stm32f10x_rcc.c...
compiling stm32f10x_adc.c...
compiling stm32f10x_dac.c...
compiling stm32f10x_exti.c...
compiling stm32f10x_iwdg.c...
compiling stm32f10x_pwr.c...
compiling stm32f10x_rtc.c...
compiling stm32f10x_sdio.c...
compiling stm32f10x_tim.c...
compiling stm32f10x_usart.c...
compiling stm32f10x_wwdg.c...
compiling stm32f10x_flash.c...
compiling core_cm3.c...
compiling system_stm32f10x.c...
linking...
Program Size: Code=17880 RO-data=848 RW-data=1324 ZI-data=1700  
FromELF: creating hex file...
".\Obj\Project.axf" - 0 Error(s), 25 Warning(s).
*** Completed Cross-Module-Optimization after 2 iteration(s).

<h2>Software Packages used:</h2>

Package Vendor: Keil
                http://www.keil.com/pack/Keil.STM32F1xx_DFP.2.2.0.pack
                Keil.STM32F1xx_DFP.2.2.0
                STMicroelectronics STM32F1 Series Device Support, Drivers and Examples

<h2>Collection of Component include folders:</h2>
  .\RTE\_LED
  C:\Keil_v5\ARM\PACK\Keil\STM32F1xx_DFP\2.2.0\Device\Include

<h2>Collection of Component Files used:</h2>
Build Time Elapsed:  00:00:19
</pre>
</body>
</html>
